{"level":"info","message":"🚀 Identity-sevice Server running on port 3003","service":"media-service","timestamp":"2025-08-07T18:02:18.529Z"}
{"level":"info","message":"Connected to the database successfully","service":"media-service","timestamp":"2025-08-07T18:02:27.626Z"}
{"level":"info","message":"🚀 Identity-sevice Server running on port 3003","service":"media-service","timestamp":"2025-08-07T19:11:03.009Z"}
{"level":"info","message":"Connected to the database successfully","service":"media-service","timestamp":"2025-08-07T19:11:05.785Z"}
{"level":"info","message":"🚀 Identity-sevice Server running on port 3003","service":"media-service","timestamp":"2025-08-07T19:20:44.260Z"}
{"level":"info","message":"Connected to the database successfully","service":"media-service","timestamp":"2025-08-07T19:20:54.382Z"}
{"level":"info","message":"🚀 Identity-sevice Server running on port 3003","service":"media-service","timestamp":"2025-08-07T19:30:41.392Z"}
{"level":"info","message":"Connected to the database successfully","service":"media-service","timestamp":"2025-08-07T19:30:44.906Z"}
{"level":"info","message":"🚀 Identity-sevice Server running on port 3003","service":"media-service","timestamp":"2025-08-07T19:35:13.163Z"}
{"level":"info","message":"Connected to the database successfully","service":"media-service","timestamp":"2025-08-07T19:35:17.278Z"}
{"level":"info","message":"🚀 Identity-sevice Server running on port 3003","service":"media-service","timestamp":"2025-08-07T19:38:09.749Z"}
{"level":"info","message":"Connected to the database successfully","service":"media-service","timestamp":"2025-08-07T19:38:12.586Z"}
{"level":"info","message":"🚀 Media-sevice Server running on port 3003","service":"media-service","timestamp":"2025-08-07T19:38:29.282Z"}
{"level":"info","message":"Connected to the database successfully","service":"media-service","timestamp":"2025-08-07T19:38:32.139Z"}
{"level":"info","message":"[MEDIA SERVICE] POST /api/media/upload","service":"media-service","timestamp":"2025-08-07T19:38:38.965Z"}
{"level":"info","message":"Received POST request to /api/media/upload","service":"media-service","timestamp":"2025-08-07T19:38:38.966Z"}
{"level":"warn","message":"started with authentication","service":"media-service","timestamp":"2025-08-07T19:38:38.968Z"}
{"level":"warn","message":"starting upload of file","service":"media-service","timestamp":"2025-08-07T19:38:38.987Z"}
{"level":"info","message":"file name: create.png image/png","service":"media-service","timestamp":"2025-08-07T19:38:38.990Z"}
{"level":"info","message":"Uploading to cloudinary","service":"media-service","timestamp":"2025-08-07T19:38:38.991Z"}
{"level":"info","message":"File uploaded successfully with publicId: xndlqubopgku8ewvvahv","service":"media-service","timestamp":"2025-08-07T19:38:44.650Z"}
{"level":"error","message":"Error occurred while uploading the file ","service":"media-service","timestamp":"2025-08-07T19:38:44.653Z"}
{"level":"info","message":"🚀 Media-sevice Server running on port 3003","service":"media-service","timestamp":"2025-08-07T19:43:20.690Z"}
{"level":"info","message":"Connected to the database successfully","service":"media-service","timestamp":"2025-08-07T19:43:29.686Z"}
{"level":"info","message":"[MEDIA SERVICE] POST /api/media/upload","service":"media-service","timestamp":"2025-08-07T19:44:54.648Z"}
{"level":"info","message":"Received POST request to /api/media/upload","service":"media-service","timestamp":"2025-08-07T19:44:54.653Z"}
{"level":"warn","message":"started with authentication","service":"media-service","timestamp":"2025-08-07T19:44:54.657Z"}
{"level":"warn","message":"starting upload of file","service":"media-service","timestamp":"2025-08-07T19:44:54.776Z"}
{"level":"info","message":"file name: create.png image/png","service":"media-service","timestamp":"2025-08-07T19:44:54.796Z"}
{"level":"info","message":"Uploading to cloudinary","service":"media-service","timestamp":"2025-08-07T19:44:54.804Z"}
{"level":"info","message":"File uploaded successfully with publicId: euzvfiajgrnhelnn8twq","service":"media-service","timestamp":"2025-08-07T19:45:03.313Z"}
{"level":"info","message":"[MEDIA SERVICE] POST /api/media/upload","service":"media-service","timestamp":"2025-08-07T19:45:18.057Z"}
{"level":"info","message":"Received POST request to /api/media/upload","service":"media-service","timestamp":"2025-08-07T19:45:18.066Z"}
{"level":"warn","message":"started with authentication","service":"media-service","timestamp":"2025-08-07T19:45:18.073Z"}
{"level":"warn","message":"starting upload of file","service":"media-service","timestamp":"2025-08-07T19:45:18.086Z"}
{"level":"info","message":"file name: create.png image/png","service":"media-service","timestamp":"2025-08-07T19:45:18.090Z"}
{"level":"info","message":"Uploading to cloudinary","service":"media-service","timestamp":"2025-08-07T19:45:18.106Z"}
{"level":"info","message":"File uploaded successfully with publicId: puantcht4tw49ftcgy2c","service":"media-service","timestamp":"2025-08-07T19:45:23.830Z"}
{"level":"info","message":"🚀 Media-sevice Server running on port 3003","service":"media-service","timestamp":"2025-08-09T00:29:51.603Z"}
{"level":"info","message":"Connected to the database successfully","service":"media-service","timestamp":"2025-08-09T00:29:55.969Z"}
{"level":"info","message":"[MEDIA SERVICE] GET /api/media/get-media","service":"media-service","timestamp":"2025-08-09T00:31:50.125Z"}
{"level":"info","message":"Received GET request to /api/media/get-media","service":"media-service","timestamp":"2025-08-09T00:31:50.126Z"}
{"level":"warn","message":"started with authentication","service":"media-service","timestamp":"2025-08-09T00:31:50.129Z"}
{"level":"info","message":"🚀 Media-sevice Server running on port 3003","service":"media-service","timestamp":"2025-08-09T00:46:58.218Z"}
{"level":"info","message":"Connected to the database successfully","service":"media-service","timestamp":"2025-08-09T00:47:00.452Z"}
{"level":"info","message":"Connected to RabbitMQ","service":"media-service","timestamp":"2025-08-09T01:07:20.705Z"}
{"level":"info","message":"Waiting for messages with routing key: post.deleted","service":"media-service","timestamp":"2025-08-09T01:07:20.791Z"}
{"level":"info","message":"🚀 Media-sevice Server running on port 3003","service":"media-service","timestamp":"2025-08-09T01:07:20.824Z"}
{"level":"info","message":"Connected to the database successfully","service":"media-service","timestamp":"2025-08-09T01:07:25.036Z"}
