{"level":"info","message":"🚀 Identity-sevice Server running on port 3001","service":"post-service","timestamp":"2025-08-03T15:58:34.286Z"}
{"level":"info","message":"Database connected successfully","service":"post-service","timestamp":"2025-08-03T15:58:39.749Z"}
{"level":"info","message":"🚀 Identity-sevice Server running on port 3001","service":"post-service","timestamp":"2025-08-03T15:59:04.374Z"}
{"level":"info","message":"Database connected successfully","service":"post-service","timestamp":"2025-08-03T15:59:10.159Z"}
{"level":"info","message":"🚀 Identity-sevice Server running on port 3001","service":"post-service","timestamp":"2025-08-03T16:01:57.954Z"}
{"level":"info","message":"Database connected successfully","service":"post-service","timestamp":"2025-08-03T16:02:03.113Z"}
{"level":"info","message":"🚀 Identity-sevice Server running on port 3001","service":"post-service","timestamp":"2025-08-03T16:03:49.200Z"}
{"level":"info","message":"Database connected successfully","service":"post-service","timestamp":"2025-08-03T16:03:52.470Z"}
{"level":"info","message":"🚀 Identity-sevice Server running on port 3001","service":"post-service","timestamp":"2025-08-03T16:04:51.673Z"}
{"level":"info","message":"Database connected successfully","service":"post-service","timestamp":"2025-08-03T16:04:55.244Z"}
{"level":"info","message":"🚀 Identity-sevice Server running on port 3001","service":"post-service","timestamp":"2025-08-03T16:12:40.856Z"}
{"level":"info","message":"Database connected successfully","service":"post-service","timestamp":"2025-08-03T16:12:46.481Z"}
{"level":"info","message":"🚀 Identity-sevice Server running on port 3001","service":"post-service","timestamp":"2025-08-03T16:14:36.645Z"}
{"level":"info","message":"Database connected successfully","service":"post-service","timestamp":"2025-08-03T16:14:39.626Z"}
{"level":"info","message":"🚀 Identity-sevice Server running on port 3002","service":"post-service","timestamp":"2025-08-03T16:15:04.618Z"}
{"level":"info","message":"Database connected successfully","service":"post-service","timestamp":"2025-08-03T16:15:09.221Z"}
{"level":"info","message":"🚀 Identity-sevice Server running on port 3001","service":"post-service","timestamp":"2025-08-03T16:15:30.881Z"}
{"level":"info","message":"Database connected successfully","service":"post-service","timestamp":"2025-08-03T16:15:33.903Z"}
{"level":"info","message":"🚀 Identity-sevice Server running on port 3001","service":"post-service","timestamp":"2025-08-03T16:15:47.321Z"}
{"level":"info","message":"Database connected successfully","service":"post-service","timestamp":"2025-08-03T16:15:50.277Z"}
{"level":"info","message":"🚀 Identity-sevice Server running on port 3001","service":"post-service","timestamp":"2025-08-03T16:16:07.861Z"}
{"level":"info","message":"Database connected successfully","service":"post-service","timestamp":"2025-08-03T16:16:10.979Z"}
{"level":"info","message":"🚀 Identity-sevice Server running on port 3001","service":"post-service","timestamp":"2025-08-03T16:16:27.098Z"}
{"level":"info","message":"Database connected successfully","service":"post-service","timestamp":"2025-08-03T16:16:29.915Z"}
{"level":"info","message":"🚀 Identity-sevice Server running on port 3002","service":"post-service","timestamp":"2025-08-03T16:17:04.186Z"}
{"level":"info","message":"Database connected successfully","service":"post-service","timestamp":"2025-08-03T16:17:07.493Z"}
{"level":"info","message":"🚀 Identity-sevice Server running on port 3001","service":"post-service","timestamp":"2025-08-03T16:20:27.237Z"}
{"level":"info","message":"Database connected successfully","service":"post-service","timestamp":"2025-08-03T16:20:30.651Z"}
{"level":"info","message":"🚀 Identity-sevice Server running on port 3001","service":"post-service","timestamp":"2025-08-03T16:21:15.079Z"}
{"level":"info","message":"Database connected successfully","service":"post-service","timestamp":"2025-08-03T16:21:17.958Z"}
{"level":"info","message":"🚀 Identity-sevice Server running on port 3001","service":"post-service","timestamp":"2025-08-03T16:21:59.528Z"}
{"level":"info","message":"Database connected successfully","service":"post-service","timestamp":"2025-08-03T16:22:03.915Z"}
{"level":"info","message":"🚀 Identity-sevice Server running on port 3002","service":"post-service","timestamp":"2025-08-03T16:22:48.871Z"}
{"level":"info","message":"Database connected successfully","service":"post-service","timestamp":"2025-08-03T16:22:51.344Z"}
{"level":"info","message":"🚀 Identity-sevice Server running on port 3002","service":"post-service","timestamp":"2025-08-03T16:54:22.472Z"}
{"level":"info","message":"Database connected successfully","service":"post-service","timestamp":"2025-08-03T16:54:24.955Z"}
{"level":"info","message":"Received POST request to /api/posts/create-post","service":"post-service","timestamp":"2025-08-03T17:19:08.711Z"}
{"level":"info","message":"Request Body: {\"content\":\"Hello world\"}","service":"post-service","timestamp":"2025-08-03T17:19:08.715Z"}
{"level":"warn","message":"API hit create post endpoint","service":"post-service","timestamp":"2025-08-03T17:19:08.717Z"}
{"level":"info","message":"Post created successfully","service":"post-service","timestamp":"2025-08-03T17:19:08.938Z"}
{"level":"info","message":"🚀 Identity-sevice Server running on port 3002","service":"post-service","timestamp":"2025-08-03T17:23:20.302Z"}
{"level":"info","message":"Database connected successfully","service":"post-service","timestamp":"2025-08-03T17:23:22.440Z"}
{"level":"info","message":"Received POST request to /api/posts/create-post","service":"post-service","timestamp":"2025-08-03T17:23:25.562Z"}
{"level":"info","message":"Request Body: {\"content\":\"Hello world\"}","service":"post-service","timestamp":"2025-08-03T17:23:25.564Z"}
{"level":"warn","message":"API hit create post endpoint","service":"post-service","timestamp":"2025-08-03T17:23:25.567Z"}
{"level":"warn","message":"Content of the post is missing","service":"post-service","timestamp":"2025-08-03T17:23:25.574Z"}
{"level":"info","message":"🚀 Identity-sevice Server running on port 3002","service":"post-service","timestamp":"2025-08-03T17:23:58.802Z"}
{"level":"info","message":"Database connected successfully","service":"post-service","timestamp":"2025-08-03T17:24:00.962Z"}
{"level":"info","message":"🚀 Identity-sevice Server running on port 3002","service":"post-service","timestamp":"2025-08-03T17:25:14.966Z"}
{"level":"info","message":"Database connected successfully","service":"post-service","timestamp":"2025-08-03T17:25:17.766Z"}
{"level":"info","message":"🚀 Identity-sevice Server running on port 3002","service":"post-service","timestamp":"2025-08-03T17:25:35.463Z"}
{"level":"info","message":"Database connected successfully","service":"post-service","timestamp":"2025-08-03T17:25:37.572Z"}
{"level":"info","message":"Received POST request to /api/posts/create-post","service":"post-service","timestamp":"2025-08-03T17:25:49.815Z"}
{"level":"info","message":"Request Body: {\"content\":\"Hello world, how is everyone doing\"}","service":"post-service","timestamp":"2025-08-03T17:25:49.816Z"}
{"level":"warn","message":"API hit create post endpoint","service":"post-service","timestamp":"2025-08-03T17:25:49.818Z"}
{"level":"warn","message":"Post must be 10 letters minimum","service":"post-service","timestamp":"2025-08-03T17:25:49.828Z"}
{"level":"info","message":"🚀 Identity-sevice Server running on port 3002","service":"post-service","timestamp":"2025-08-03T17:26:17.039Z"}
{"level":"info","message":"Database connected successfully","service":"post-service","timestamp":"2025-08-03T17:26:19.339Z"}
{"level":"info","message":"Received POST request to /api/posts/create-post","service":"post-service","timestamp":"2025-08-03T17:26:21.935Z"}
{"level":"info","message":"Request Body: {\"content\":\"Hello world, how is everyone doing\"}","service":"post-service","timestamp":"2025-08-03T17:26:21.936Z"}
{"level":"warn","message":"API hit create post endpoint","service":"post-service","timestamp":"2025-08-03T17:26:21.939Z"}
{"level":"warn","message":"Post must be 10 letters minimum","service":"post-service","timestamp":"2025-08-03T17:26:21.946Z"}
{"level":"info","message":"🚀 Identity-sevice Server running on port 3002","service":"post-service","timestamp":"2025-08-03T17:27:57.162Z"}
{"level":"info","message":"Database connected successfully","service":"post-service","timestamp":"2025-08-03T17:27:59.396Z"}
{"level":"info","message":"🚀 Identity-sevice Server running on port 3002","service":"post-service","timestamp":"2025-08-03T17:28:17.366Z"}
{"level":"info","message":"Database connected successfully","service":"post-service","timestamp":"2025-08-03T17:28:19.480Z"}
{"level":"info","message":"Received POST request to /api/posts/create-post","service":"post-service","timestamp":"2025-08-03T17:28:27.477Z"}
{"level":"info","message":"Request Body: {\"content\":\"Hello world, how is everyone doing\"}","service":"post-service","timestamp":"2025-08-03T17:28:27.478Z"}
{"level":"warn","message":"API hit create post endpoint","service":"post-service","timestamp":"2025-08-03T17:28:27.481Z"}
{"level":"warn","message":"Post must be 10 letters minimum","service":"post-service","timestamp":"2025-08-03T17:28:27.489Z"}
{"level":"info","message":"🚀 Identity-sevice Server running on port 3002","service":"post-service","timestamp":"2025-08-03T17:29:09.830Z"}
{"level":"info","message":"Database connected successfully","service":"post-service","timestamp":"2025-08-03T17:29:12.856Z"}
{"level":"info","message":"🚀 Identity-sevice Server running on port 3002","service":"post-service","timestamp":"2025-08-03T17:29:56.960Z"}
{"level":"info","message":"Database connected successfully","service":"post-service","timestamp":"2025-08-03T17:29:59.061Z"}
{"level":"info","message":"Received POST request to /api/posts/create-post","service":"post-service","timestamp":"2025-08-03T17:30:02.647Z"}
{"level":"info","message":"Request Body: {\"content\":\"Hello world, how is everyone doing\"}","service":"post-service","timestamp":"2025-08-03T17:30:02.648Z"}
{"level":"warn","message":"API hit create post endpoint","service":"post-service","timestamp":"2025-08-03T17:30:02.651Z"}
{"level":"info","message":"Post created successfully","service":"post-service","timestamp":"2025-08-03T17:30:02.899Z"}
{"level":"info","message":"Received POST request to /api/posts/create-post","service":"post-service","timestamp":"2025-08-03T17:30:18.993Z"}
{"level":"info","message":"Request Body: {\"content\":\"He\"}","service":"post-service","timestamp":"2025-08-03T17:30:18.994Z"}
{"level":"warn","message":"API hit create post endpoint","service":"post-service","timestamp":"2025-08-03T17:30:18.998Z"}
{"level":"warn","message":"Validation error: \"content\" length must be at least 3 characters long","service":"post-service","timestamp":"2025-08-03T17:30:19.003Z"}
{"level":"info","message":"Received POST request to /api/posts/create-post","service":"post-service","timestamp":"2025-08-03T17:30:35.665Z"}
{"level":"info","message":"Request Body: {\"content\":\"Hel\"}","service":"post-service","timestamp":"2025-08-03T17:30:35.666Z"}
{"level":"warn","message":"API hit create post endpoint","service":"post-service","timestamp":"2025-08-03T17:30:35.667Z"}
{"level":"info","message":"Post created successfully","service":"post-service","timestamp":"2025-08-03T17:30:35.861Z"}
{"level":"info","message":"🚀 Identity-sevice Server running on port 3002","service":"post-service","timestamp":"2025-08-03T17:58:08.027Z"}
{"level":"info","message":"Database connected successfully","service":"post-service","timestamp":"2025-08-03T17:58:10.586Z"}
{"level":"info","message":"Received GET request to /api/posts/get-posts","service":"post-service","timestamp":"2025-08-03T17:58:16.969Z"}
{"level":"info","message":"🚀 Identity-sevice Server running on port 3002","service":"post-service","timestamp":"2025-08-03T17:58:44.306Z"}
{"level":"info","message":"Database connected successfully","service":"post-service","timestamp":"2025-08-03T17:58:46.312Z"}
{"level":"info","message":"Received GET request to /api/posts/get-posts","service":"post-service","timestamp":"2025-08-03T17:58:49.001Z"}
{"level":"warn","message":"API hit get all posts endpoint","service":"post-service","timestamp":"2025-08-03T17:58:49.003Z"}
{"level":"error","message":"Error occurred while getting all posts","service":"post-service","timestamp":"2025-08-03T17:58:49.366Z"}
{"level":"info","message":"🚀 Identity-sevice Server running on port 3002","service":"post-service","timestamp":"2025-08-03T17:59:25.688Z"}
{"level":"info","message":"Database connected successfully","service":"post-service","timestamp":"2025-08-03T17:59:28.084Z"}
{"level":"info","message":"Received GET request to /api/posts/get-posts","service":"post-service","timestamp":"2025-08-03T17:59:34.163Z"}
{"level":"warn","message":"API hit get all posts endpoint","service":"post-service","timestamp":"2025-08-03T17:59:34.166Z"}
{"level":"error","message":"Error occurred while getting all posts","service":"post-service","timestamp":"2025-08-03T17:59:34.580Z"}
{"level":"info","message":"🚀 Identity-sevice Server running on port 3002","service":"post-service","timestamp":"2025-08-03T18:00:37.037Z"}
{"level":"info","message":"Database connected successfully","service":"post-service","timestamp":"2025-08-03T18:00:39.601Z"}
{"level":"info","message":"🚀 Identity-sevice Server running on port 3002","service":"post-service","timestamp":"2025-08-03T18:00:51.229Z"}
{"level":"info","message":"Database connected successfully","service":"post-service","timestamp":"2025-08-03T18:00:53.272Z"}
{"level":"info","message":"Received GET request to /api/posts/get-posts","service":"post-service","timestamp":"2025-08-03T18:01:08.830Z"}
{"level":"warn","message":"API hit get all posts endpoint","service":"post-service","timestamp":"2025-08-03T18:01:08.833Z"}
{"level":"info","message":"Received GET request to /api/posts/get-posts","service":"post-service","timestamp":"2025-08-03T18:01:27.205Z"}
{"level":"warn","message":"API hit get all posts endpoint","service":"post-service","timestamp":"2025-08-03T18:01:27.207Z"}
{"level":"info","message":"Received GET request to /api/posts/get-posts","service":"post-service","timestamp":"2025-08-03T18:01:36.554Z"}
{"level":"warn","message":"API hit get all posts endpoint","service":"post-service","timestamp":"2025-08-03T18:01:36.555Z"}
{"level":"info","message":"Received GET request to /api/posts/get-posts","service":"post-service","timestamp":"2025-08-03T18:03:24.243Z"}
{"level":"warn","message":"API hit get all posts endpoint","service":"post-service","timestamp":"2025-08-03T18:03:24.245Z"}
{"level":"info","message":"Received GET request to /api/posts/get-posts","service":"post-service","timestamp":"2025-08-03T18:04:21.425Z"}
{"level":"warn","message":"API hit get all posts endpoint","service":"post-service","timestamp":"2025-08-03T18:04:21.426Z"}
{"level":"info","message":"🚀 Identity-sevice Server running on port 3002","service":"post-service","timestamp":"2025-08-04T17:36:49.425Z"}
{"level":"info","message":"Database connected successfully","service":"post-service","timestamp":"2025-08-04T17:37:52.795Z"}
{"level":"info","message":"Received GET request to /api/posts/get-posts","service":"post-service","timestamp":"2025-08-04T17:41:22.054Z"}
{"level":"warn","message":"API hit get all posts endpoint","service":"post-service","timestamp":"2025-08-04T17:41:22.057Z"}
{"level":"info","message":"Received GET request to /api/posts/get-posts","service":"post-service","timestamp":"2025-08-04T17:41:46.493Z"}
{"level":"warn","message":"API hit get all posts endpoint","service":"post-service","timestamp":"2025-08-04T17:41:46.495Z"}
{"level":"info","message":"Received GET request to /api/posts/get-posts","service":"post-service","timestamp":"2025-08-04T17:41:50.807Z"}
{"level":"warn","message":"API hit get all posts endpoint","service":"post-service","timestamp":"2025-08-04T17:41:50.810Z"}
{"level":"info","message":"Received POST request to /api/posts/create-post","service":"post-service","timestamp":"2025-08-04T17:42:54.033Z"}
{"level":"info","message":"Request Body: {\"content\":\"Hello, this is Goodee\"}","service":"post-service","timestamp":"2025-08-04T17:42:54.035Z"}
{"level":"warn","message":"API hit create post endpoint","service":"post-service","timestamp":"2025-08-04T17:42:54.037Z"}
{"level":"info","message":"Post created successfully","service":"post-service","timestamp":"2025-08-04T17:43:34.773Z"}
{"level":"info","message":"Received GET request to /api/posts/get-posts","service":"post-service","timestamp":"2025-08-04T17:43:51.218Z"}
{"level":"warn","message":"API hit get all posts endpoint","service":"post-service","timestamp":"2025-08-04T17:43:51.228Z"}
{"level":"info","message":"Received GET request to /api/posts/get-posts","service":"post-service","timestamp":"2025-08-04T17:44:51.632Z"}
{"level":"warn","message":"API hit get all posts endpoint","service":"post-service","timestamp":"2025-08-04T17:44:51.633Z"}
{"level":"info","message":"🚀 Identity-sevice Server running on port 3002","service":"post-service","timestamp":"2025-08-04T17:52:34.006Z"}
{"level":"info","message":"Database connected successfully","service":"post-service","timestamp":"2025-08-04T17:53:17.726Z"}
{"level":"info","message":"🚀 Identity-sevice Server running on port 3002","service":"post-service","timestamp":"2025-08-04T17:55:24.362Z"}
{"level":"info","message":"Database connected successfully","service":"post-service","timestamp":"2025-08-04T17:56:11.603Z"}
{"level":"info","message":"🚀 Identity-sevice Server running on port 3002","service":"post-service","timestamp":"2025-08-04T17:56:38.284Z"}
{"level":"info","message":"🚀 Identity-sevice Server running on port 3002","service":"post-service","timestamp":"2025-08-04T17:57:31.053Z"}
{"level":"info","message":"Database connected successfully","service":"post-service","timestamp":"2025-08-04T17:57:37.489Z"}
{"level":"info","message":"🚀 Identity-sevice Server running on port 3002","service":"post-service","timestamp":"2025-08-04T18:00:06.527Z"}
{"level":"info","message":"Database connected successfully","service":"post-service","timestamp":"2025-08-04T18:00:09.261Z"}
{"level":"info","message":"🚀 Identity-sevice Server running on port 3002","service":"post-service","timestamp":"2025-08-04T18:00:41.572Z"}
{"level":"info","message":"Database connected successfully","service":"post-service","timestamp":"2025-08-04T18:00:58.291Z"}
{"level":"info","message":"🚀 Identity-sevice Server running on port 3002","service":"post-service","timestamp":"2025-08-04T18:02:14.044Z"}
{"level":"info","message":"Database connected successfully","service":"post-service","timestamp":"2025-08-04T18:02:17.392Z"}
{"level":"info","message":"Received GET request to /api/posts/get-post/6890f11e786a9e7f70ac317a","service":"post-service","timestamp":"2025-08-04T18:02:39.204Z"}
{"level":"warn","message":"API hit get single post endpoint","service":"post-service","timestamp":"2025-08-04T18:02:39.208Z"}
{"level":"info","message":"Received GET request to /api/posts/get-post/6890f11e786a9e7f70ac317a","service":"post-service","timestamp":"2025-08-04T18:03:04.445Z"}
{"level":"warn","message":"API hit get single post endpoint","service":"post-service","timestamp":"2025-08-04T18:03:04.448Z"}
{"level":"info","message":"Received GET request to /api/posts/get-post/6890f11e786a9e7f70ac317a","service":"post-service","timestamp":"2025-08-04T18:03:19.416Z"}
{"level":"warn","message":"API hit get single post endpoint","service":"post-service","timestamp":"2025-08-04T18:03:19.417Z"}
{"level":"info","message":"Received GET request to /api/posts/get-post/6890f11e786a9e7f70ac317a","service":"post-service","timestamp":"2025-08-04T18:03:26.298Z"}
{"level":"warn","message":"API hit get single post endpoint","service":"post-service","timestamp":"2025-08-04T18:03:26.299Z"}
{"level":"info","message":"Received GET request to /api/posts/get-post/6890f11e786a9e7f70ac317a","service":"post-service","timestamp":"2025-08-04T18:03:48.046Z"}
{"level":"warn","message":"API hit get single post endpoint","service":"post-service","timestamp":"2025-08-04T18:03:48.047Z"}
{"level":"info","message":"🚀 Identity-sevice Server running on port 3002","service":"post-service","timestamp":"2025-08-05T15:46:02.613Z"}
{"level":"info","message":"Database connected successfully","service":"post-service","timestamp":"2025-08-05T15:46:12.561Z"}
{"level":"info","message":"Received GET request to /api/posts/get-post/6890f11e786a9e7f70ac317a","service":"post-service","timestamp":"2025-08-05T15:51:00.076Z"}
{"level":"warn","message":"API hit get single post endpoint","service":"post-service","timestamp":"2025-08-05T15:51:00.094Z"}
{"level":"info","message":"🚀 Identity-sevice Server running on port 3002","service":"post-service","timestamp":"2025-08-05T15:51:34.333Z"}
{"level":"info","message":"Database connected successfully","service":"post-service","timestamp":"2025-08-05T15:52:08.251Z"}
{"level":"info","message":"Received GET request to /api/posts/get-post/6890f11e786a9e7f70ac317a","service":"post-service","timestamp":"2025-08-05T15:52:11.703Z"}
{"level":"warn","message":"API hit get single post endpoint","service":"post-service","timestamp":"2025-08-05T15:52:11.749Z"}
{"level":"info","message":"Received GET request to /api/posts/get-post/6890f11e786a9e7f70ac317a","service":"post-service","timestamp":"2025-08-05T15:52:19.941Z"}
{"level":"warn","message":"API hit get single post endpoint","service":"post-service","timestamp":"2025-08-05T15:52:19.943Z"}
{"level":"info","message":"Received GET request to /api/posts/get-post/6890f11e786a9e7f70ac317a","service":"post-service","timestamp":"2025-08-05T15:52:21.821Z"}
{"level":"warn","message":"API hit get single post endpoint","service":"post-service","timestamp":"2025-08-05T15:52:21.822Z"}
{"level":"info","message":"🚀 Identity-sevice Server running on port 3002","service":"post-service","timestamp":"2025-08-05T18:42:44.425Z"}
{"level":"info","message":"Database connected successfully","service":"post-service","timestamp":"2025-08-05T18:43:02.780Z"}
{"level":"info","message":"🚀 Identity-sevice Server running on port 3002","service":"post-service","timestamp":"2025-08-05T18:43:08.423Z"}
{"level":"info","message":"Database connected successfully","service":"post-service","timestamp":"2025-08-05T18:43:12.915Z"}
{"level":"info","message":"🚀 Identity-sevice Server running on port 3002","service":"post-service","timestamp":"2025-08-05T18:43:32.342Z"}
{"level":"info","message":"Database connected successfully","service":"post-service","timestamp":"2025-08-05T18:43:36.723Z"}
{"level":"info","message":"Received GET request to /api/posts/get-posts","service":"post-service","timestamp":"2025-08-05T18:44:18.731Z"}
{"level":"warn","message":"API hit get all posts endpoint","service":"post-service","timestamp":"2025-08-05T18:44:18.734Z"}
{"level":"info","message":"🚀 Identity-sevice Server running on port 3002","service":"post-service","timestamp":"2025-08-05T18:45:20.583Z"}
{"level":"info","message":"Database connected successfully","service":"post-service","timestamp":"2025-08-05T18:45:43.876Z"}
{"level":"info","message":"Received GET request to /api/posts/get-post/6890f11e786a9e7f70ac317a","service":"post-service","timestamp":"2025-08-05T18:45:50.548Z"}
{"level":"warn","message":"API hit get single post endpoint","service":"post-service","timestamp":"2025-08-05T18:45:50.553Z"}
{"level":"info","message":"Received GET request to /api/posts/delete-post/6890f11e786a9e7f70ac317a","service":"post-service","timestamp":"2025-08-05T18:46:20.702Z"}
{"level":"warn","message":"API hit get delete post endpoint","service":"post-service","timestamp":"2025-08-05T18:46:20.706Z"}
{"level":"info","message":"Received GET request to /api/posts/get-post/6890f11e786a9e7f70ac317a","service":"post-service","timestamp":"2025-08-05T18:46:29.961Z"}
{"level":"warn","message":"API hit get single post endpoint","service":"post-service","timestamp":"2025-08-05T18:46:29.969Z"}
{"level":"warn","message":"Post with ID 6890f11e786a9e7f70ac317anot found","service":"post-service","timestamp":"2025-08-05T18:46:30.137Z"}
{"level":"info","message":"Received GET request to /api/posts/get-posts","service":"post-service","timestamp":"2025-08-05T18:46:36.377Z"}
{"level":"warn","message":"API hit get all posts endpoint","service":"post-service","timestamp":"2025-08-05T18:46:36.378Z"}
{"level":"info","message":"🚀 Identity-sevice Server running on port 3002","service":"post-service","timestamp":"2025-08-05T18:50:19.394Z"}
{"level":"info","message":"Database connected successfully","service":"post-service","timestamp":"2025-08-05T18:50:32.780Z"}
{"level":"info","message":"🚀 Identity-sevice Server running on port 3002","service":"post-service","timestamp":"2025-08-05T18:55:35.654Z"}
{"level":"info","message":"Database connected successfully","service":"post-service","timestamp":"2025-08-05T18:55:47.790Z"}
{"level":"info","message":"Received GET request to /api/posts/delete-post/688f9cbb5a153f5720f594ab","service":"post-service","timestamp":"2025-08-05T18:56:12.248Z"}
{"level":"warn","message":"API hit get delete post endpoint","service":"post-service","timestamp":"2025-08-05T18:56:12.253Z"}
{"level":"info","message":"Received GET request to /api/posts/get-posts","service":"post-service","timestamp":"2025-08-05T18:56:18.644Z"}
{"level":"warn","message":"API hit get all posts endpoint","service":"post-service","timestamp":"2025-08-05T18:56:18.648Z"}
{"level":"info","message":"Received GET request to /api/posts/get-posts","service":"post-service","timestamp":"2025-08-05T18:56:25.827Z"}
{"level":"warn","message":"API hit get all posts endpoint","service":"post-service","timestamp":"2025-08-05T18:56:25.832Z"}
{"level":"info","message":"Received GET request to /api/posts/get-posts","service":"post-service","timestamp":"2025-08-05T18:56:31.005Z"}
{"level":"warn","message":"API hit get all posts endpoint","service":"post-service","timestamp":"2025-08-05T18:56:31.008Z"}
{"level":"info","message":"Received GET request to /api/posts/get-post/688f9c9a5a153f5720f594a9","service":"post-service","timestamp":"2025-08-05T18:56:52.874Z"}
{"level":"warn","message":"API hit get single post endpoint","service":"post-service","timestamp":"2025-08-05T18:56:52.879Z"}
{"level":"info","message":"Received GET request to /api/posts/get-post/688f9c9a5a153f5720f594a9","service":"post-service","timestamp":"2025-08-05T18:56:56.452Z"}
{"level":"warn","message":"API hit get single post endpoint","service":"post-service","timestamp":"2025-08-05T18:56:56.458Z"}
{"level":"info","message":"Received GET request to /api/posts/get-post/688f9c9a5a153f5720f594a9","service":"post-service","timestamp":"2025-08-05T18:56:58.673Z"}
{"level":"warn","message":"API hit get single post endpoint","service":"post-service","timestamp":"2025-08-05T18:56:58.678Z"}
{"level":"info","message":"Received GET request to /api/posts/get-post/688f9c9a5a153f5720f594a9","service":"post-service","timestamp":"2025-08-05T18:57:00.662Z"}
{"level":"warn","message":"API hit get single post endpoint","service":"post-service","timestamp":"2025-08-05T18:57:00.664Z"}
{"level":"info","message":"Received GET request to /api/posts/get-post/688f9c9a5a153f5720f594a9","service":"post-service","timestamp":"2025-08-05T18:57:02.591Z"}
{"level":"warn","message":"API hit get single post endpoint","service":"post-service","timestamp":"2025-08-05T18:57:02.595Z"}
{"level":"info","message":"Received GET request to /api/posts/get-post/688f9c9a5a153f5720f594a9","service":"post-service","timestamp":"2025-08-05T18:57:04.638Z"}
{"level":"warn","message":"API hit get single post endpoint","service":"post-service","timestamp":"2025-08-05T18:57:04.639Z"}
{"level":"info","message":"🚀 Identity-sevice Server running on port 3002","service":"post-service","timestamp":"2025-08-05T19:09:36.938Z"}
{"level":"info","message":"Database connected successfully","service":"post-service","timestamp":"2025-08-05T19:09:48.895Z"}
{"level":"info","message":"🚀 Identity-sevice Server running on port 3002","service":"post-service","timestamp":"2025-08-05T19:10:02.925Z"}
{"level":"info","message":"Database connected successfully","service":"post-service","timestamp":"2025-08-05T19:10:06.509Z"}
{"level":"info","message":"Received GET request to /api/posts/get-posts","service":"post-service","timestamp":"2025-08-05T19:10:23.123Z"}
{"level":"warn","message":"API hit get all posts endpoint","service":"post-service","timestamp":"2025-08-05T19:10:23.126Z"}
{"level":"info","message":"Received GET request to /api/posts/get-posts","service":"post-service","timestamp":"2025-08-05T19:10:29.756Z"}
{"level":"warn","message":"API hit get all posts endpoint","service":"post-service","timestamp":"2025-08-05T19:10:29.761Z"}
{"level":"info","message":"Received GET request to /api/posts/get-posts","service":"post-service","timestamp":"2025-08-05T19:10:31.601Z"}
{"level":"warn","message":"API hit get all posts endpoint","service":"post-service","timestamp":"2025-08-05T19:10:31.602Z"}
{"level":"info","message":"Received GET request to /api/posts/get-post/688f9a0c775cdbd786980803","service":"post-service","timestamp":"2025-08-05T19:10:46.895Z"}
{"level":"warn","message":"API hit get single post endpoint","service":"post-service","timestamp":"2025-08-05T19:10:46.900Z"}
{"level":"info","message":"Received GET request to /api/posts/get-post/688f9a0c775cdbd786980803","service":"post-service","timestamp":"2025-08-05T19:10:49.649Z"}
{"level":"warn","message":"API hit get single post endpoint","service":"post-service","timestamp":"2025-08-05T19:10:49.653Z"}
{"level":"info","message":"Received GET request to /api/posts/get-post/688f9a0c775cdbd786980803","service":"post-service","timestamp":"2025-08-05T19:10:51.796Z"}
{"level":"warn","message":"API hit get single post endpoint","service":"post-service","timestamp":"2025-08-05T19:10:51.797Z"}
{"level":"info","message":"Received GET request to /api/posts/get-post/688f9a0c775cdbd786980803","service":"post-service","timestamp":"2025-08-05T19:10:53.752Z"}
{"level":"warn","message":"API hit get single post endpoint","service":"post-service","timestamp":"2025-08-05T19:10:53.755Z"}
{"level":"info","message":"Received GET request to /api/posts/delete-post/688f9a0c775cdbd786980803","service":"post-service","timestamp":"2025-08-05T19:11:00.794Z"}
{"level":"warn","message":"API hit get delete post endpoint","service":"post-service","timestamp":"2025-08-05T19:11:00.800Z"}
{"level":"error","message":"Error occurred while deleting single post","service":"post-service","timestamp":"2025-08-05T19:11:01.081Z"}
{"level":"info","message":"Received GET request to /api/posts/delete-post/688f9a0c775cdbd786980803","service":"post-service","timestamp":"2025-08-05T19:11:42.689Z"}
{"level":"warn","message":"API hit get delete post endpoint","service":"post-service","timestamp":"2025-08-05T19:11:42.690Z"}
{"level":"warn","message":"Couldn't find the post with this ID","service":"post-service","timestamp":"2025-08-05T19:11:42.958Z"}
{"level":"info","message":"Received GET request to /api/posts/get-posts","service":"post-service","timestamp":"2025-08-05T19:12:03.167Z"}
{"level":"warn","message":"API hit get all posts endpoint","service":"post-service","timestamp":"2025-08-05T19:12:03.168Z"}
{"level":"info","message":"Received GET request to /api/posts/delete-post/688f9a0c775cdbd786980803","service":"post-service","timestamp":"2025-08-05T19:12:33.178Z"}
{"level":"warn","message":"API hit get delete post endpoint","service":"post-service","timestamp":"2025-08-05T19:12:33.180Z"}
{"level":"warn","message":"Couldn't find the post with this ID","service":"post-service","timestamp":"2025-08-05T19:12:33.446Z"}
{"level":"info","message":"Received GET request to /api/posts/get-post/688f9a0c775cdbd786980803","service":"post-service","timestamp":"2025-08-05T19:12:42.751Z"}
{"level":"warn","message":"API hit get single post endpoint","service":"post-service","timestamp":"2025-08-05T19:12:42.752Z"}
{"level":"info","message":"Received GET request to /api/posts/delete-post/688f9a0c775cdbd786980803","service":"post-service","timestamp":"2025-08-05T19:12:51.251Z"}
{"level":"warn","message":"API hit get delete post endpoint","service":"post-service","timestamp":"2025-08-05T19:12:51.265Z"}
{"level":"warn","message":"Couldn't find the post with this ID","service":"post-service","timestamp":"2025-08-05T19:12:51.468Z"}
{"level":"info","message":"Received GET request to /api/posts/delete-post/688f9c9a5a153f5720f594a9","service":"post-service","timestamp":"2025-08-05T19:13:24.599Z"}
{"level":"warn","message":"API hit get delete post endpoint","service":"post-service","timestamp":"2025-08-05T19:13:24.601Z"}
{"level":"error","message":"Error occurred while deleting single post","service":"post-service","timestamp":"2025-08-05T19:13:24.856Z"}
{"level":"info","message":"🚀 Identity-sevice Server running on port 3002","service":"post-service","timestamp":"2025-08-05T19:15:04.507Z"}
{"level":"info","message":"Database connected successfully","service":"post-service","timestamp":"2025-08-05T19:15:09.408Z"}
{"level":"info","message":"Received GET request to /api/posts/delete-post/688f9c9a5a153f5720f594a9","service":"post-service","timestamp":"2025-08-05T19:15:17.881Z"}
{"level":"warn","message":"API hit get delete post endpoint","service":"post-service","timestamp":"2025-08-05T19:15:17.885Z"}
{"level":"warn","message":"Couldn't find the post with this ID","service":"post-service","timestamp":"2025-08-05T19:15:18.105Z"}
{"level":"info","message":"🚀 Identity-sevice Server running on port 3002","service":"post-service","timestamp":"2025-08-05T19:17:05.491Z"}
{"level":"info","message":"Database connected successfully","service":"post-service","timestamp":"2025-08-05T19:17:13.393Z"}
{"level":"info","message":"Received GET request to /api/posts/get-post/688f9c9a5a153f5720f594a9","service":"post-service","timestamp":"2025-08-05T19:17:41.036Z"}
{"level":"warn","message":"API hit get single post endpoint","service":"post-service","timestamp":"2025-08-05T19:17:41.039Z"}
{"level":"info","message":"Received GET request to /api/posts/delete-post/688f9c9a5a153f5720f594a9","service":"post-service","timestamp":"2025-08-05T19:17:48.152Z"}
{"level":"warn","message":"API hit get delete post endpoint","service":"post-service","timestamp":"2025-08-05T19:17:48.155Z"}
{"level":"warn","message":"Couldn't find the post with this ID","service":"post-service","timestamp":"2025-08-05T19:17:48.339Z"}
{"level":"info","message":"Received GET request to /api/posts/delete-post/688f9c9a5a153f5720f594a9","service":"post-service","timestamp":"2025-08-05T19:19:45.829Z"}
{"level":"warn","message":"API hit get delete post endpoint","service":"post-service","timestamp":"2025-08-05T19:19:45.834Z"}
{"level":"warn","message":"Couldn't find the post with this ID","service":"post-service","timestamp":"2025-08-05T19:19:45.992Z"}
{"level":"info","message":"Received GET request to /api/posts/get-post/688f9c9a5a153f5720f594a9","service":"post-service","timestamp":"2025-08-05T19:20:02.583Z"}
{"level":"warn","message":"API hit get single post endpoint","service":"post-service","timestamp":"2025-08-05T19:20:02.589Z"}
{"level":"info","message":"Received GET request to /api/posts/delete-post/688f9c9a5a153f5720f594a9","service":"post-service","timestamp":"2025-08-05T19:20:58.046Z"}
{"level":"warn","message":"API hit get delete post endpoint","service":"post-service","timestamp":"2025-08-05T19:20:58.047Z"}
{"level":"warn","message":"Couldn't find the post with this ID","service":"post-service","timestamp":"2025-08-05T19:20:58.205Z"}
{"level":"info","message":"🚀 Identity-sevice Server running on port 3002","service":"post-service","timestamp":"2025-08-05T19:21:39.603Z"}
{"level":"info","message":"Database connected successfully","service":"post-service","timestamp":"2025-08-05T19:21:49.269Z"}
{"level":"info","message":"Received GET request to /api/posts/delete-post/688f9c9a5a153f5720f594a9","service":"post-service","timestamp":"2025-08-05T19:21:52.715Z"}
{"level":"warn","message":"API hit get delete post endpoint","service":"post-service","timestamp":"2025-08-05T19:21:52.719Z"}
{"level":"warn","message":"Couldn't find the post with this ID","service":"post-service","timestamp":"2025-08-05T19:21:52.952Z"}
{"level":"info","message":"Received GET request to /api/posts/get-posts","service":"post-service","timestamp":"2025-08-05T19:23:07.924Z"}
{"level":"warn","message":"API hit get all posts endpoint","service":"post-service","timestamp":"2025-08-05T19:23:07.927Z"}
{"level":"info","message":"Received GET request to /api/posts/get-post/688f9c9a5a153f5720f594a9","service":"post-service","timestamp":"2025-08-05T19:23:17.260Z"}
{"level":"warn","message":"API hit get single post endpoint","service":"post-service","timestamp":"2025-08-05T19:23:17.272Z"}
{"level":"info","message":"Received POST request to /api/posts/create-post","service":"post-service","timestamp":"2025-08-05T19:24:02.380Z"}
{"level":"info","message":"Request Body: {\"content\":\"Hello, this is Goodee\"}","service":"post-service","timestamp":"2025-08-05T19:24:02.381Z"}
{"level":"warn","message":"API hit create post endpoint","service":"post-service","timestamp":"2025-08-05T19:24:02.384Z"}
{"level":"info","message":"Post created successfully","service":"post-service","timestamp":"2025-08-05T19:24:02.702Z"}
{"level":"info","message":"Received GET request to /api/posts/get-posts","service":"post-service","timestamp":"2025-08-05T19:24:10.347Z"}
{"level":"warn","message":"API hit get all posts endpoint","service":"post-service","timestamp":"2025-08-05T19:24:10.348Z"}
{"level":"info","message":"Received GET request to /api/posts/get-posts","service":"post-service","timestamp":"2025-08-05T19:24:24.027Z"}
{"level":"warn","message":"API hit get all posts endpoint","service":"post-service","timestamp":"2025-08-05T19:24:24.029Z"}
{"level":"error","message":"Error occurred while getting all posts","service":"post-service","timestamp":"2025-08-05T19:25:05.877Z"}
{"level":"error","message":"Error occurred while getting all posts","service":"post-service","timestamp":"2025-08-05T19:25:06.410Z"}
{"level":"info","message":"Received POST request to /api/posts/create-post","service":"post-service","timestamp":"2025-08-05T19:25:16.400Z"}
{"level":"info","message":"Request Body: {\"content\":\"Hello, this is Goodee and this is a new post\"}","service":"post-service","timestamp":"2025-08-05T19:25:16.402Z"}
{"level":"warn","message":"API hit create post endpoint","service":"post-service","timestamp":"2025-08-05T19:25:16.404Z"}
{"level":"error","message":"Error occurred while creating post","service":"post-service","timestamp":"2025-08-05T19:25:46.419Z"}
{"level":"info","message":"Received POST request to /api/posts/create-post","service":"post-service","timestamp":"2025-08-05T19:27:04.649Z"}
{"level":"info","message":"Request Body: {\"content\":\"Hello, this is Goodee and this is a new post\"}","service":"post-service","timestamp":"2025-08-05T19:27:04.650Z"}
{"level":"warn","message":"API hit create post endpoint","service":"post-service","timestamp":"2025-08-05T19:27:04.651Z"}
{"level":"error","message":"Error occurred while creating post","service":"post-service","timestamp":"2025-08-05T19:27:34.663Z"}
{"level":"info","message":"🚀 Identity-sevice Server running on port 3002","service":"post-service","timestamp":"2025-08-06T17:27:28.929Z"}
{"level":"info","message":"Database connected successfully","service":"post-service","timestamp":"2025-08-06T17:27:36.179Z"}
{"level":"info","message":"Received GET request to /api/posts/get-posts","service":"post-service","timestamp":"2025-08-06T17:28:39.372Z"}
{"level":"warn","message":"API hit get all posts endpoint","service":"post-service","timestamp":"2025-08-06T17:28:39.426Z"}
{"level":"info","message":"Received POST request to /api/posts/create-post","service":"post-service","timestamp":"2025-08-06T17:28:58.173Z"}
{"level":"info","message":"Request Body: {\"content\":\"Hello, this is Goodee and this is a new post\"}","service":"post-service","timestamp":"2025-08-06T17:28:58.416Z"}
{"level":"warn","message":"API hit create post endpoint","service":"post-service","timestamp":"2025-08-06T17:28:58.445Z"}
{"level":"info","message":"Post created successfully","service":"post-service","timestamp":"2025-08-06T17:28:58.945Z"}
{"level":"info","message":"Received GET request to /api/posts/get-posts","service":"post-service","timestamp":"2025-08-06T17:29:06.431Z"}
{"level":"warn","message":"API hit get all posts endpoint","service":"post-service","timestamp":"2025-08-06T17:29:06.433Z"}
{"level":"info","message":"Received GET request to /api/posts/get-post/688dc5eb684fb18b3c827993","service":"post-service","timestamp":"2025-08-06T17:29:41.016Z"}
{"level":"warn","message":"API hit get single post endpoint","service":"post-service","timestamp":"2025-08-06T17:29:41.018Z"}
{"level":"warn","message":"Post with ID 688dc5eb684fb18b3c827993not found","service":"post-service","timestamp":"2025-08-06T17:29:41.728Z"}
{"level":"info","message":"Received GET request to /api/posts/get-post/688dc5eb684fb18b3c827993","service":"post-service","timestamp":"2025-08-06T17:30:00.571Z"}
{"level":"warn","message":"API hit get single post endpoint","service":"post-service","timestamp":"2025-08-06T17:30:00.573Z"}
{"level":"warn","message":"Post with ID 688dc5eb684fb18b3c827993not found","service":"post-service","timestamp":"2025-08-06T17:30:00.738Z"}
{"level":"info","message":"Received GET request to /api/posts/get-posts","service":"post-service","timestamp":"2025-08-06T17:30:06.496Z"}
{"level":"warn","message":"API hit get all posts endpoint","service":"post-service","timestamp":"2025-08-06T17:30:06.498Z"}
{"level":"info","message":"Received GET request to /api/posts/get-post/688dc5eb684fb18b3c827993","service":"post-service","timestamp":"2025-08-06T17:30:21.524Z"}
{"level":"warn","message":"API hit get single post endpoint","service":"post-service","timestamp":"2025-08-06T17:30:21.525Z"}
{"level":"warn","message":"Post with ID 688dc5eb684fb18b3c827993not found","service":"post-service","timestamp":"2025-08-06T17:30:21.706Z"}
{"level":"info","message":"Received GET request to /api/posts/get-post/68925a52ffb1fe0a33ac0784","service":"post-service","timestamp":"2025-08-06T17:32:12.512Z"}
{"level":"warn","message":"API hit get single post endpoint","service":"post-service","timestamp":"2025-08-06T17:32:12.512Z"}
{"level":"info","message":"Received GET request to /api/posts/get-post/68925a52ffb1fe0a33ac0784","service":"post-service","timestamp":"2025-08-06T17:32:25.090Z"}
{"level":"warn","message":"API hit get single post endpoint","service":"post-service","timestamp":"2025-08-06T17:32:25.101Z"}
{"level":"info","message":"Received GET request to /api/posts/get-post/68925a52ffb1fe0a33ac0784","service":"post-service","timestamp":"2025-08-06T17:32:27.095Z"}
{"level":"warn","message":"API hit get single post endpoint","service":"post-service","timestamp":"2025-08-06T17:32:27.098Z"}
{"level":"info","message":"Received GET request to /api/posts/get-post/68925a52ffb1fe0a33ac0784","service":"post-service","timestamp":"2025-08-06T17:34:32.334Z"}
{"level":"warn","message":"API hit get single post endpoint","service":"post-service","timestamp":"2025-08-06T17:34:32.335Z"}
{"level":"info","message":"Received GET request to /api/posts/delete-post/68925a52ffb1fe0a33ac0784","service":"post-service","timestamp":"2025-08-06T17:36:32.631Z"}
{"level":"warn","message":"API hit get delete post endpoint","service":"post-service","timestamp":"2025-08-06T17:36:32.634Z"}
{"level":"error","message":"Error occurred while deleting single post","service":"post-service","timestamp":"2025-08-06T17:36:44.708Z"}
{"level":"info","message":"Received GET request to /api/posts/get-posts","service":"post-service","timestamp":"2025-08-06T17:37:07.157Z"}
{"level":"warn","message":"API hit get all posts endpoint","service":"post-service","timestamp":"2025-08-06T17:37:07.157Z"}
{"level":"info","message":"Received GET request to /api/posts/delete-post/688dc5eb684fb18b3c827993","service":"post-service","timestamp":"2025-08-06T17:37:26.423Z"}
{"level":"warn","message":"API hit get delete post endpoint","service":"post-service","timestamp":"2025-08-06T17:37:26.424Z"}
{"level":"warn","message":"Couldn't find the post with this ID","service":"post-service","timestamp":"2025-08-06T17:37:26.618Z"}
{"level":"info","message":"Received GET request to /api/posts/delete-post/689390da2f53ad60092b3676","service":"post-service","timestamp":"2025-08-06T17:37:46.759Z"}
{"level":"warn","message":"API hit get delete post endpoint","service":"post-service","timestamp":"2025-08-06T17:37:46.759Z"}
{"level":"info","message":"Received GET request to /api/posts/get-posts","service":"post-service","timestamp":"2025-08-06T17:37:53.062Z"}
{"level":"warn","message":"API hit get all posts endpoint","service":"post-service","timestamp":"2025-08-06T17:37:53.062Z"}
{"level":"info","message":"Received GET request to /api/posts/get-post/68925a52ffb1fe0a33ac0784","service":"post-service","timestamp":"2025-08-06T17:37:59.877Z"}
{"level":"warn","message":"API hit get single post endpoint","service":"post-service","timestamp":"2025-08-06T17:37:59.878Z"}
{"level":"info","message":"Received GET request to /api/posts/get-post/689390da2f53ad60092b3676","service":"post-service","timestamp":"2025-08-06T17:38:09.662Z"}
{"level":"warn","message":"API hit get single post endpoint","service":"post-service","timestamp":"2025-08-06T17:38:09.663Z"}
{"level":"warn","message":"Post with ID 689390da2f53ad60092b3676not found","service":"post-service","timestamp":"2025-08-06T17:38:09.931Z"}
{"level":"info","message":"Received GET request to /api/posts/get-posts","service":"post-service","timestamp":"2025-08-06T17:38:16.798Z"}
{"level":"warn","message":"API hit get all posts endpoint","service":"post-service","timestamp":"2025-08-06T17:38:16.799Z"}
{"level":"info","message":"Received GET request to /api/posts/get-posts","service":"post-service","timestamp":"2025-08-06T17:38:19.489Z"}
{"level":"warn","message":"API hit get all posts endpoint","service":"post-service","timestamp":"2025-08-06T17:38:19.490Z"}
{"level":"info","message":"🚀 Identity-sevice Server running on port 3002","service":"post-service","timestamp":"2025-08-06T17:49:44.320Z"}
{"level":"info","message":"Database connected successfully","service":"post-service","timestamp":"2025-08-06T17:49:48.941Z"}
{"level":"info","message":"Received POST request to /api/posts/create-post","service":"post-service","timestamp":"2025-08-06T17:49:57.454Z"}
{"level":"info","message":"Request Body: {\"content\":\"Hello, this is Goodee and this is a new post\"}","service":"post-service","timestamp":"2025-08-06T17:49:57.459Z"}
{"level":"warn","message":"API hit create post endpoint","service":"post-service","timestamp":"2025-08-06T17:49:57.466Z"}
{"level":"info","message":"Post created successfully","service":"post-service","timestamp":"2025-08-06T17:49:57.817Z"}
{"level":"info","message":"Received GET request to /api/posts/get-posts","service":"post-service","timestamp":"2025-08-06T17:50:03.805Z"}
{"level":"warn","message":"API hit get all posts endpoint","service":"post-service","timestamp":"2025-08-06T17:50:03.811Z"}
{"level":"info","message":"Received GET request to /api/posts/get-post/689395c52aeb520a46b57609","service":"post-service","timestamp":"2025-08-06T17:50:18.076Z"}
{"level":"warn","message":"API hit get single post endpoint","service":"post-service","timestamp":"2025-08-06T17:50:18.079Z"}
{"level":"info","message":"Received GET request to /api/posts/delete-post/689395c52aeb520a46b57609","service":"post-service","timestamp":"2025-08-06T17:50:28.122Z"}
{"level":"info","message":"Received DELETE request to /api/posts/delete-post/689395c52aeb520a46b57609","service":"post-service","timestamp":"2025-08-06T17:50:33.181Z"}
{"level":"warn","message":"API hit get delete post endpoint","service":"post-service","timestamp":"2025-08-06T17:50:33.182Z"}
{"level":"info","message":"Received GET request to /api/posts/get-posts","service":"post-service","timestamp":"2025-08-06T17:50:40.153Z"}
{"level":"warn","message":"API hit get all posts endpoint","service":"post-service","timestamp":"2025-08-06T17:50:40.156Z"}
{"level":"info","message":"Received GET request to /api/posts/get-post/689395c52aeb520a46b57609","service":"post-service","timestamp":"2025-08-06T17:50:47.707Z"}
{"level":"warn","message":"API hit get single post endpoint","service":"post-service","timestamp":"2025-08-06T17:50:47.716Z"}
{"level":"warn","message":"Post with ID 689395c52aeb520a46b57609not found","service":"post-service","timestamp":"2025-08-06T17:50:47.897Z"}
{"level":"info","message":"🚀 Identity-sevice Server running on port 3002","service":"post-service","timestamp":"2025-08-07T19:12:21.005Z"}
{"level":"info","message":"Database connected successfully","service":"post-service","timestamp":"2025-08-07T19:12:32.623Z"}
{"level":"info","message":"🚀 Identity-sevice Server running on port 3002","service":"post-service","timestamp":"2025-08-07T19:53:54.551Z"}
{"level":"info","message":"Database connected successfully","service":"post-service","timestamp":"2025-08-07T19:53:58.650Z"}
{"level":"info","message":"Received POST request to /api/posts/create-post","service":"post-service","timestamp":"2025-08-07T19:54:04.517Z"}
{"level":"info","message":"Request Body: {\"content\":\"Hello, this is Goodee and this is a new post and i will be uploading my image\",\"mediaIds\":[\"689502536c31bca70bbfcfe7\"]}","service":"post-service","timestamp":"2025-08-07T19:54:04.518Z"}
{"level":"warn","message":"API hit create post endpoint","service":"post-service","timestamp":"2025-08-07T19:54:04.521Z"}
{"level":"info","message":"Post created successfully","service":"post-service","timestamp":"2025-08-07T19:54:04.792Z"}
{"level":"info","message":"Received GET request to /api/posts/get-posts","service":"post-service","timestamp":"2025-08-07T19:54:30.980Z"}
{"level":"warn","message":"API hit get all posts endpoint","service":"post-service","timestamp":"2025-08-07T19:54:30.989Z"}
{"level":"info","message":"Received POST request to /api/posts/create-post","service":"post-service","timestamp":"2025-08-07T19:55:23.043Z"}
{"level":"info","message":"Request Body: {\"content\":\"Hello, this is Goodee and this is a new post and i will be uploading my image\",\"mediaIds\":[\"689502536c31bca70bbfcfe7\"]}","service":"post-service","timestamp":"2025-08-07T19:55:23.047Z"}
{"level":"warn","message":"API hit create post endpoint","service":"post-service","timestamp":"2025-08-07T19:55:23.055Z"}
{"level":"info","message":"Post created successfully","service":"post-service","timestamp":"2025-08-07T19:55:23.337Z"}
{"level":"info","message":"Received GET request to /api/posts/get-posts","service":"post-service","timestamp":"2025-08-07T19:55:29.344Z"}
{"level":"warn","message":"API hit get all posts endpoint","service":"post-service","timestamp":"2025-08-07T19:55:29.351Z"}
{"level":"info","message":"🚀 Identity-sevice Server running on port 3002","service":"post-service","timestamp":"2025-08-07T19:57:06.436Z"}
{"level":"info","message":"Database connected successfully","service":"post-service","timestamp":"2025-08-07T19:57:10.134Z"}
{"level":"info","message":"🚀 Identity-sevice Server running on port 3002","service":"post-service","timestamp":"2025-08-07T19:57:21.425Z"}
{"level":"info","message":"Database connected successfully","service":"post-service","timestamp":"2025-08-07T19:57:24.976Z"}
{"level":"info","message":"🚀 Identity-sevice Server running on port 3002","service":"post-service","timestamp":"2025-08-07T19:57:42.101Z"}
{"level":"info","message":"Database connected successfully","service":"post-service","timestamp":"2025-08-07T19:57:45.273Z"}
{"level":"info","message":"Received POST request to /api/posts/create-post","service":"post-service","timestamp":"2025-08-07T19:57:48.169Z"}
{"level":"info","message":"Request Body: {\"content\":\"Hello, this is Goodee and this is a new post and i will be uploading my image\",\"mediaIds\":[\"689502536c31bca70bbfcfe7\"]}","service":"post-service","timestamp":"2025-08-07T19:57:48.171Z"}
{"level":"warn","message":"API hit create post endpoint","service":"post-service","timestamp":"2025-08-07T19:57:48.173Z"}
{"level":"info","message":"Post created successfully","service":"post-service","timestamp":"2025-08-07T19:57:48.485Z"}
{"level":"info","message":"Received GET request to /api/posts/get-posts","service":"post-service","timestamp":"2025-08-07T19:57:53.887Z"}
{"level":"warn","message":"API hit get all posts endpoint","service":"post-service","timestamp":"2025-08-07T19:57:53.890Z"}
{"level":"info","message":"Received GET request to /api/posts/get-posts","service":"post-service","timestamp":"2025-08-07T19:57:59.953Z"}
{"level":"warn","message":"API hit get all posts endpoint","service":"post-service","timestamp":"2025-08-07T19:57:59.956Z"}
{"level":"info","message":"🚀 Identity-sevice Server running on port 3002","service":"post-service","timestamp":"2025-08-07T20:00:57.485Z"}
