{"level":"info","message":"🚀 Identity-sevice Server running on port 3001","service":"identity-service","timestamp":"2025-08-01T16:41:09.706Z"}
{"code":"ENOTFOUND","hostname":"_mongodb._tcp.1010","level":"error","message":"Error connecting to the database querySrv ENOTFOUND _mongodb._tcp.1010","service":"identity-service","stack":"Error: querySrv ENOTFOUND _mongodb._tcp.1010\n    at QueryReqWrap.onresolve [as oncomplete] (node:internal/dns/promises:293:17)","syscall":"querySrv","timestamp":"2025-08-01T16:41:09.800Z"}
{"level":"info","message":"🚀 Identity-sevice Server running on port 3001","service":"identity-service","timestamp":"2025-08-01T16:44:39.558Z"}
{"level":"info","message":"Database connected successfully","service":"identity-service","timestamp":"2025-08-01T16:44:42.741Z"}
{"level":"info","message":"Received GET request to /api/auth/register","service":"identity-service","timestamp":"2025-08-01T16:57:11.593Z"}
{"level":"info","message":"Request Body: {\"username\":\"Goodee\",\"password\":\"ayomide\",\"email\":\"goodee@gmail.com\"}","service":"identity-service","timestamp":"2025-08-01T16:57:11.594Z"}
{"level":"info","message":"Received POST request to /api/auth/register","service":"identity-service","timestamp":"2025-08-01T16:57:20.050Z"}
{"level":"info","message":"Request Body: {\"username\":\"Goodee\",\"password\":\"ayomide\",\"email\":\"goodee@gmail.com\"}","service":"identity-service","timestamp":"2025-08-01T16:57:20.054Z"}
{"level":"info","message":"Registration endpoint hit","service":"identity-service","timestamp":"2025-08-01T16:57:20.060Z"}
{"buffer":{"data":[104,140,241,252,144,133,72,153,183,58,62,249],"type":"Buffer"},"level":"warn","message":"User registered successfully","service":"identity-service","timestamp":"2025-08-01T16:57:32.974Z"}
{"level":"info","message":"🚀 Identity-sevice Server running on port 3001","service":"identity-service","timestamp":"2025-08-01T16:58:05.395Z"}
{"cause":{"commonWireVersion":0,"compatible":true,"heartbeatFrequencyMS":10000,"localThresholdMS":15,"logicalSessionTimeoutMinutes":null,"maxElectionId":null,"maxSetVersion":null,"servers":{"ac-b7zvzdg-shard-00-00.wejddsb.mongodb.net:27017":{"$clusterTime":null,"address":"ac-b7zvzdg-shard-00-00.wejddsb.mongodb.net:27017","arbiters":[],"electionId":null,"error":null,"hosts":[],"iscryptd":false,"lastUpdateTime":953232034,"lastWriteDate":0,"logicalSessionTimeoutMinutes":null,"maxBsonObjectSize":null,"maxMessageSizeBytes":null,"maxWireVersion":0,"maxWriteBatchSize":null,"me":null,"minRoundTripTime":0,"minWireVersion":0,"passives":[],"primary":null,"roundTripTime":-1,"setName":null,"setVersion":null,"tags":{},"topologyVersion":null,"type":"Unknown"},"ac-b7zvzdg-shard-00-01.wejddsb.mongodb.net:27017":{"$clusterTime":null,"address":"ac-b7zvzdg-shard-00-01.wejddsb.mongodb.net:27017","arbiters":[],"electionId":null,"error":{"beforeHandshake":false,"errorLabelSet":{}},"hosts":[],"iscryptd":false,"lastUpdateTime":953262135,"lastWriteDate":0,"logicalSessionTimeoutMinutes":null,"maxBsonObjectSize":null,"maxMessageSizeBytes":null,"maxWireVersion":0,"maxWriteBatchSize":null,"me":null,"minRoundTripTime":0,"minWireVersion":0,"passives":[],"primary":null,"roundTripTime":-1,"setName":null,"setVersion":null,"tags":{},"topologyVersion":null,"type":"Unknown"},"ac-b7zvzdg-shard-00-02.wejddsb.mongodb.net:27017":{"$clusterTime":null,"address":"ac-b7zvzdg-shard-00-02.wejddsb.mongodb.net:27017","arbiters":[],"electionId":null,"error":null,"hosts":[],"iscryptd":false,"lastUpdateTime":953232034,"lastWriteDate":0,"logicalSessionTimeoutMinutes":null,"maxBsonObjectSize":null,"maxMessageSizeBytes":null,"maxWireVersion":0,"maxWriteBatchSize":null,"me":null,"minRoundTripTime":0,"minWireVersion":0,"passives":[],"primary":null,"roundTripTime":-1,"setName":null,"setVersion":null,"tags":{},"topologyVersion":null,"type":"Unknown"}},"setName":"atlas-4pi4t0-shard-0","stale":false,"type":"ReplicaSetNoPrimary"},"errorLabelSet":{},"level":"error","message":"Could not connect to any servers in your MongoDB Atlas cluster. One common reason is that you're trying to access the database from an IP that isn't whitelisted. Make sure your current IP address is on your Atlas cluster's IP whitelist: https://www.mongodb.com/docs/atlas/security-whitelist/","reason":{"commonWireVersion":0,"compatible":true,"heartbeatFrequencyMS":10000,"localThresholdMS":15,"logicalSessionTimeoutMinutes":null,"maxElectionId":null,"maxSetVersion":null,"servers":{"ac-b7zvzdg-shard-00-00.wejddsb.mongodb.net:27017":{"$clusterTime":null,"address":"ac-b7zvzdg-shard-00-00.wejddsb.mongodb.net:27017","arbiters":[],"electionId":null,"error":null,"hosts":[],"iscryptd":false,"lastUpdateTime":953232034,"lastWriteDate":0,"logicalSessionTimeoutMinutes":null,"maxBsonObjectSize":null,"maxMessageSizeBytes":null,"maxWireVersion":0,"maxWriteBatchSize":null,"me":null,"minRoundTripTime":0,"minWireVersion":0,"passives":[],"primary":null,"roundTripTime":-1,"setName":null,"setVersion":null,"tags":{},"topologyVersion":null,"type":"Unknown"},"ac-b7zvzdg-shard-00-01.wejddsb.mongodb.net:27017":{"$clusterTime":null,"address":"ac-b7zvzdg-shard-00-01.wejddsb.mongodb.net:27017","arbiters":[],"electionId":null,"error":{"beforeHandshake":false,"errorLabelSet":{}},"hosts":[],"iscryptd":false,"lastUpdateTime":953262135,"lastWriteDate":0,"logicalSessionTimeoutMinutes":null,"maxBsonObjectSize":null,"maxMessageSizeBytes":null,"maxWireVersion":0,"maxWriteBatchSize":null,"me":null,"minRoundTripTime":0,"minWireVersion":0,"passives":[],"primary":null,"roundTripTime":-1,"setName":null,"setVersion":null,"tags":{},"topologyVersion":null,"type":"Unknown"},"ac-b7zvzdg-shard-00-02.wejddsb.mongodb.net:27017":{"$clusterTime":null,"address":"ac-b7zvzdg-shard-00-02.wejddsb.mongodb.net:27017","arbiters":[],"electionId":null,"error":null,"hosts":[],"iscryptd":false,"lastUpdateTime":953232034,"lastWriteDate":0,"logicalSessionTimeoutMinutes":null,"maxBsonObjectSize":null,"maxMessageSizeBytes":null,"maxWireVersion":0,"maxWriteBatchSize":null,"me":null,"minRoundTripTime":0,"minWireVersion":0,"passives":[],"primary":null,"roundTripTime":-1,"setName":null,"setVersion":null,"tags":{},"topologyVersion":null,"type":"Unknown"}},"setName":"atlas-4pi4t0-shard-0","stale":false,"type":"ReplicaSetNoPrimary"},"service":"identity-service","stack":"MongooseServerSelectionError: Could not connect to any servers in your MongoDB Atlas cluster. One common reason is that you're trying to access the database from an IP that isn't whitelisted. Make sure your current IP address is on your Atlas cluster's IP whitelist: https://www.mongodb.com/docs/atlas/security-whitelist/\n    at _handleConnectionErrors (C:\\Users\\USER\\Desktop\\New Project\\nodejs\\node-microservice\\identity-service\\node_modules\\mongoose\\lib\\connection.js:1165:11)\n    at NativeConnection.openUri (C:\\Users\\USER\\Desktop\\New Project\\nodejs\\node-microservice\\identity-service\\node_modules\\mongoose\\lib\\connection.js:1096:11)\n    at async connectDB (C:\\Users\\USER\\Desktop\\New Project\\nodejs\\node-microservice\\identity-service\\src\\database\\db.js:6:5)","timestamp":"2025-08-01T16:58:37.704Z"}
{"level":"info","message":"🚀 Identity-sevice Server running on port 3001","service":"identity-service","timestamp":"2025-08-01T17:05:20.044Z"}
{"level":"info","message":"Database connected successfully","service":"identity-service","timestamp":"2025-08-01T17:05:28.250Z"}
{"level":"info","message":"Received POST request to /api/auth/register","service":"identity-service","timestamp":"2025-08-01T17:05:35.633Z"}
{"level":"info","message":"Request Body: {\"username\":\"Goodee\",\"password\":\"ayomide\",\"email\":\"goodee@gmail.com\"}","service":"identity-service","timestamp":"2025-08-01T17:05:35.634Z"}
{"level":"info","message":"Registration endpoint hit","service":"identity-service","timestamp":"2025-08-01T17:05:35.650Z"}
{"level":"warn","message":"User already exists with email or username","service":"identity-service","timestamp":"2025-08-01T17:05:39.661Z"}
{"level":"info","message":"Received POST request to /api/auth/register","service":"identity-service","timestamp":"2025-08-01T17:06:51.331Z"}
{"level":"info","message":"Request Body: {\"username\":\"Ge\",\"password\":\"ay\",\"email\":\"goodee@gmail.com\"}","service":"identity-service","timestamp":"2025-08-01T17:06:51.332Z"}
{"level":"info","message":"Registration endpoint hit","service":"identity-service","timestamp":"2025-08-01T17:06:51.338Z"}
{"level":"warn","message":"Validation error: \"username\" length must be at least 3 characters long","service":"identity-service","timestamp":"2025-08-01T17:06:51.346Z"}
{"level":"info","message":"Received POST request to /api/auth/register","service":"identity-service","timestamp":"2025-08-01T17:07:08.296Z"}
{"level":"info","message":"Request Body: {\"username\":\"Goodee123\",\"password\":\"ayomide\",\"email\":\"goodeegmail.com\"}","service":"identity-service","timestamp":"2025-08-01T17:07:08.303Z"}
{"level":"info","message":"Registration endpoint hit","service":"identity-service","timestamp":"2025-08-01T17:07:08.340Z"}
{"level":"warn","message":"Validation error: \"email\" must be a valid email","service":"identity-service","timestamp":"2025-08-01T17:07:08.349Z"}
{"level":"info","message":"🚀 Identity-sevice Server running on port 3001","service":"identity-service","timestamp":"2025-08-01T17:29:05.620Z"}
{"level":"info","message":"Database connected successfully","service":"identity-service","timestamp":"2025-08-01T17:29:12.876Z"}
{"level":"info","message":"🚀 Identity-sevice Server running on port 3001","service":"identity-service","timestamp":"2025-08-02T08:01:36.576Z"}
{"level":"info","message":"Database connected successfully","service":"identity-service","timestamp":"2025-08-02T08:01:42.788Z"}
{"level":"info","message":"Received POST request to /api/auth/register","service":"identity-service","timestamp":"2025-08-02T08:01:47.087Z"}
{"level":"info","message":"Request Body: {\"username\":\"Goodee123\",\"password\":\"ayomide\",\"email\":\"goodee123@gmail.com\"}","service":"identity-service","timestamp":"2025-08-02T08:01:47.088Z"}
{"level":"info","message":"Registration endpoint hit","service":"identity-service","timestamp":"2025-08-02T08:01:47.105Z"}
{"buffer":{"data":[104,141,197,235,104,79,177,139,60,130,121,147],"type":"Buffer"},"level":"info","message":"User registered successfully","service":"identity-service","timestamp":"2025-08-02T08:01:47.877Z"}
{"level":"info","message":"🚀 Identity-sevice Server running on port 3001","service":"identity-service","timestamp":"2025-08-02T16:29:52.459Z"}
{"level":"info","message":"Database connected successfully","service":"identity-service","timestamp":"2025-08-02T16:29:56.342Z"}
{"level":"info","message":"Received POST request to /api/auth/login","service":"identity-service","timestamp":"2025-08-02T16:31:46.187Z"}
{"level":"info","message":"Request Body: {\"email\":\"goodee123@gmail.com\",\"password\":\"ayomide\"}","service":"identity-service","timestamp":"2025-08-02T16:31:46.189Z"}
{"level":"info","message":"Logging in user from the identity service","service":"identity-service","timestamp":"2025-08-02T16:31:46.196Z"}
{"level":"warn","message":"Server error login in user","service":"identity-service","timestamp":"2025-08-02T16:31:46.830Z"}
{"level":"info","message":"🚀 Identity-sevice Server running on port 3001","service":"identity-service","timestamp":"2025-08-02T16:32:50.339Z"}
{"level":"info","message":"Database connected successfully","service":"identity-service","timestamp":"2025-08-02T16:32:53.386Z"}
{"level":"info","message":"Received POST request to /api/auth/login","service":"identity-service","timestamp":"2025-08-02T16:32:56.473Z"}
{"level":"info","message":"Request Body: {\"email\":\"goodee123@gmail.com\",\"password\":\"ayomide\"}","service":"identity-service","timestamp":"2025-08-02T16:32:56.474Z"}
{"level":"info","message":"Logging in user from the identity service","service":"identity-service","timestamp":"2025-08-02T16:32:56.482Z"}
{"level":"warn","message":"Server error login in user user_id is not defined","service":"identity-service","stack":"ReferenceError: user_id is not defined\n    at loginUser (C:\\Users\\USER\\Desktop\\New Project\\nodejs\\node-microservice\\identity-service\\src\\controllers\\identity-controller.js:88:15)\n    at process.processTicksAndRejections (node:internal/process/task_queues:105:5)","timestamp":"2025-08-02T16:32:57.261Z"}
{"level":"info","message":"🚀 Identity-sevice Server running on port 3001","service":"identity-service","timestamp":"2025-08-02T16:33:11.878Z"}
{"level":"info","message":"Database connected successfully","service":"identity-service","timestamp":"2025-08-02T16:33:14.377Z"}
{"level":"info","message":"Received POST request to /api/auth/login","service":"identity-service","timestamp":"2025-08-02T16:33:18.393Z"}
{"level":"info","message":"Request Body: {\"email\":\"goodee123@gmail.com\",\"password\":\"ayomide\"}","service":"identity-service","timestamp":"2025-08-02T16:33:18.397Z"}
{"level":"info","message":"Logging in user from the identity service","service":"identity-service","timestamp":"2025-08-02T16:33:18.404Z"}
{"level":"info","message":"Received POST request to /api/auth/login","service":"identity-service","timestamp":"2025-08-02T16:33:39.497Z"}
{"level":"info","message":"Request Body: {\"email\":\"goodee123gmail.com\",\"password\":\"ayomide\"}","service":"identity-service","timestamp":"2025-08-02T16:33:39.498Z"}
{"level":"info","message":"Logging in user from the identity service","service":"identity-service","timestamp":"2025-08-02T16:33:39.501Z"}
{"level":"warn","message":"Validation error \"email\" must be a valid email","service":"identity-service","timestamp":"2025-08-02T16:33:39.507Z"}
{"level":"info","message":"🚀 Identity-sevice Server running on port 3001","service":"identity-service","timestamp":"2025-08-02T17:24:27.102Z"}
{"level":"info","message":"Database connected successfully","service":"identity-service","timestamp":"2025-08-02T17:24:31.359Z"}
{"level":"info","message":"🚀 Identity-sevice Server running on port 3001","service":"identity-service","timestamp":"2025-08-02T17:26:42.561Z"}
{"level":"info","message":"Database connected successfully","service":"identity-service","timestamp":"2025-08-02T17:26:46.079Z"}
{"level":"info","message":"🚀 Identity-sevice Server running on port 3001","service":"identity-service","timestamp":"2025-08-02T17:39:33.889Z"}
{"level":"info","message":"Database connected successfully","service":"identity-service","timestamp":"2025-08-02T17:39:36.857Z"}
{"level":"info","message":"Received POST request to /api/auth/login","service":"identity-service","timestamp":"2025-08-02T17:39:47.491Z"}
{"level":"info","message":"Request Body: {\"email\":\"goodee123@gmail.com\",\"password\":\"ayomide\"}","service":"identity-service","timestamp":"2025-08-02T17:39:47.492Z"}
{"level":"info","message":"Logging in user from the identity service","service":"identity-service","timestamp":"2025-08-02T17:39:47.509Z"}
{"level":"info","message":"Received POST request to /api/auth/refresh","service":"identity-service","timestamp":"2025-08-02T17:42:05.785Z"}
{"level":"info","message":"Request Body: {\"refreshTokenOne\":\"681447410c6e1db0bb83b8b076556ffe9d1ff542037490705cc5230dde4cbd409c9e207804a4b79d\"}","service":"identity-service","timestamp":"2025-08-02T17:42:05.791Z"}
{"level":"warn","message":"Getting the refreshToken for authentication","service":"identity-service","timestamp":"2025-08-02T17:42:05.803Z"}
{"level":"info","message":"🚀 Identity-sevice Server running on port 3001","service":"identity-service","timestamp":"2025-08-02T17:51:41.220Z"}
{"level":"info","message":"Database connected successfully","service":"identity-service","timestamp":"2025-08-02T17:51:44.819Z"}
{"level":"info","message":"Received POST request to /api/auth/logout","service":"identity-service","timestamp":"2025-08-02T17:52:56.489Z"}
{"level":"info","message":"Request Body: {\"refreshToken\":\"7b2d2b321d89c7fdca3625fcb9fb51d29a0577c7d943bb043f15dc3f1c7610372efdf45ded86ddf1\"}","service":"identity-service","timestamp":"2025-08-02T17:52:56.493Z"}
{"level":"warn","message":"Hit the logout api","service":"identity-service","timestamp":"2025-08-02T17:52:56.575Z"}
{"level":"info","message":"Refresh token delted successfully","service":"identity-service","timestamp":"2025-08-02T17:52:56.895Z"}
{"level":"info","message":"Received POST request to /api/auth/login","service":"identity-service","timestamp":"2025-08-02T17:53:15.118Z"}
{"level":"info","message":"Request Body: {\"email\":\"goodee123@gmail.com\",\"password\":\"ayomide\"}","service":"identity-service","timestamp":"2025-08-02T17:53:15.119Z"}
{"level":"info","message":"Logging in user from the identity service","service":"identity-service","timestamp":"2025-08-02T17:53:15.123Z"}
{"level":"info","message":"Received POST request to /api/auth/logout","service":"identity-service","timestamp":"2025-08-02T17:53:21.414Z"}
{"level":"info","message":"Request Body: {\"refreshToken\":\"7b2d2b321d89c7fdca3625fcb9fb51d29a0577c7d943bb043f15dc3f1c7610372efdf45ded86ddf1\"}","service":"identity-service","timestamp":"2025-08-02T17:53:21.457Z"}
{"level":"warn","message":"Hit the logout api","service":"identity-service","timestamp":"2025-08-02T17:53:21.514Z"}
{"level":"info","message":"Refresh token delted successfully","service":"identity-service","timestamp":"2025-08-02T17:53:21.781Z"}
{"level":"info","message":"Received POST request to /api/auth/refresh","service":"identity-service","timestamp":"2025-08-02T17:54:33.784Z"}
{"level":"info","message":"Request Body: {\"refreshTokenOne\":\"7b2d2b321d89c7fdca3625fcb9fb51d29a0577c7d943bb043f15dc3f1c7610372efdf45ded86ddf1\"}","service":"identity-service","timestamp":"2025-08-02T17:54:33.796Z"}
{"level":"warn","message":"Getting the refreshToken for authentication","service":"identity-service","timestamp":"2025-08-02T17:54:33.802Z"}
{"level":"warn","message":"Invalid refresh Token","service":"identity-service","timestamp":"2025-08-02T17:54:33.977Z"}
{"level":"warn","message":"Server error login in user fase is not defined","service":"identity-service","stack":"ReferenceError: fase is not defined\n    at refreshUserToken (C:\\Users\\USER\\Desktop\\New Project\\nodejs\\node-microservice\\identity-service\\src\\controllers\\identity-controller.js:125:18)\n    at process.processTicksAndRejections (node:internal/process/task_queues:105:5)","timestamp":"2025-08-02T17:54:33.982Z"}
{"level":"info","message":"Received POST request to /api/auth/login","service":"identity-service","timestamp":"2025-08-02T17:55:10.141Z"}
{"level":"info","message":"Request Body: {\"email\":\"goodee123@gmail.com\",\"password\":\"ayomide\"}","service":"identity-service","timestamp":"2025-08-02T17:55:10.169Z"}
{"level":"info","message":"Logging in user from the identity service","service":"identity-service","timestamp":"2025-08-02T17:55:10.242Z"}
{"level":"info","message":"Received POST request to /api/auth/refresh","service":"identity-service","timestamp":"2025-08-02T17:55:27.145Z"}
{"level":"info","message":"Request Body: {\"refreshTokenOne\":\"200a1a08ee13ef42c7b90e692f194a4110c75b12c29ce84c7633062ff5618eef9f2e0a32841c434b\"}","service":"identity-service","timestamp":"2025-08-02T17:55:27.155Z"}
{"level":"warn","message":"Getting the refreshToken for authentication","service":"identity-service","timestamp":"2025-08-02T17:55:27.167Z"}
{"level":"info","message":"Received POST request to /api/auth/logout","service":"identity-service","timestamp":"2025-08-02T17:55:40.515Z"}
{"level":"info","message":"Request Body: {\"refreshToken\":\"200a1a08ee13ef42c7b90e692f194a4110c75b12c29ce84c7633062ff5618eef9f2e0a32841c434b\"}","service":"identity-service","timestamp":"2025-08-02T17:55:40.516Z"}
{"level":"warn","message":"Hit the logout api","service":"identity-service","timestamp":"2025-08-02T17:55:40.518Z"}
{"level":"info","message":"Refresh token delted successfully","service":"identity-service","timestamp":"2025-08-02T17:55:40.733Z"}
{"level":"info","message":"Received POST request to /api/auth/login","service":"identity-service","timestamp":"2025-08-02T17:55:58.396Z"}
{"level":"info","message":"Request Body: {\"email\":\"goodee123@gmail.com\",\"password\":\"ayomide\"}","service":"identity-service","timestamp":"2025-08-02T17:55:58.396Z"}
{"level":"info","message":"Logging in user from the identity service","service":"identity-service","timestamp":"2025-08-02T17:55:58.400Z"}
{"level":"info","message":"Received POST request to /api/auth/refresh","service":"identity-service","timestamp":"2025-08-02T17:56:06.582Z"}
{"level":"info","message":"Request Body: {\"refreshTokenOne\":\"200a1a08ee13ef42c7b90e692f194a4110c75b12c29ce84c7633062ff5618eef9f2e0a32841c434b\"}","service":"identity-service","timestamp":"2025-08-02T17:56:06.583Z"}
{"level":"warn","message":"Getting the refreshToken for authentication","service":"identity-service","timestamp":"2025-08-02T17:56:06.592Z"}
{"level":"warn","message":"Invalid refresh Token","service":"identity-service","timestamp":"2025-08-02T17:56:06.847Z"}
{"level":"warn","message":"Server error login in user fase is not defined","service":"identity-service","stack":"ReferenceError: fase is not defined\n    at refreshUserToken (C:\\Users\\USER\\Desktop\\New Project\\nodejs\\node-microservice\\identity-service\\src\\controllers\\identity-controller.js:125:18)\n    at process.processTicksAndRejections (node:internal/process/task_queues:105:5)","timestamp":"2025-08-02T17:56:06.849Z"}
{"level":"info","message":"Received POST request to /api/auth/refresh","service":"identity-service","timestamp":"2025-08-02T17:56:27.820Z"}
{"level":"info","message":"Request Body: {\"refreshTokenOne\":\"59527bf09364fbafaee3d6d2bd3fe17adad2ee4aeafcd5142503db533fdf85b7bf0798c2a4953a70\"}","service":"identity-service","timestamp":"2025-08-02T17:56:27.823Z"}
{"level":"warn","message":"Getting the refreshToken for authentication","service":"identity-service","timestamp":"2025-08-02T17:56:27.829Z"}
{"level":"info","message":"Received POST request to /api/auth/refresh","service":"identity-service","timestamp":"2025-08-02T18:00:05.881Z"}
{"level":"info","message":"Request Body: {\"refreshTokenOne\":\"59527bf09364fbafaee3d6d2bd3fe17adad2ee4aeafcd5142503db533fdf85b7bf0798c2a4953a70\"}","service":"identity-service","timestamp":"2025-08-02T18:00:05.881Z"}
{"level":"warn","message":"Getting the refreshToken for authentication","service":"identity-service","timestamp":"2025-08-02T18:00:05.884Z"}
{"level":"info","message":"Received POST request to /api/auth/refresh","service":"identity-service","timestamp":"2025-08-02T18:00:11.614Z"}
{"level":"info","message":"Request Body: {\"refreshTokenOne\":\"59527bf09364fbafaee3d6d2bd3fe17adad2ee4aeafcd5142503db533fdf85b7bf0798c2a4953a70\"}","service":"identity-service","timestamp":"2025-08-02T18:00:11.615Z"}
{"level":"warn","message":"Getting the refreshToken for authentication","service":"identity-service","timestamp":"2025-08-02T18:00:11.617Z"}
{"level":"info","message":"🚀 Identity-sevice Server running on port 3001","service":"identity-service","timestamp":"2025-08-02T18:02:12.386Z"}
{"level":"info","message":"Database connected successfully","service":"identity-service","timestamp":"2025-08-02T18:02:15.584Z"}
{"level":"info","message":"Received POST request to /api/auth/refresh","service":"identity-service","timestamp":"2025-08-02T18:02:20.733Z"}
{"level":"info","message":"Request Body: {\"refreshTokenOne\":\"59527bf09364fbafaee3d6d2bd3fe17adad2ee4aeafcd5142503db533fdf85b7bf0798c2a4953a70\"}","service":"identity-service","timestamp":"2025-08-02T18:02:20.734Z"}
{"level":"warn","message":"Getting the refreshToken for authentication","service":"identity-service","timestamp":"2025-08-02T18:02:20.744Z"}
{"level":"info","message":"Received POST request to /api/auth/refresh","service":"identity-service","timestamp":"2025-08-02T18:02:28.735Z"}
{"level":"info","message":"Request Body: {\"refreshTokenOne\":\"59527bf09364fbafaee3d6d2bd3fe17adad2ee4aeafcd5142503db533fdf85b7bf0798c2a4953a70\"}","service":"identity-service","timestamp":"2025-08-02T18:02:28.737Z"}
{"level":"warn","message":"Getting the refreshToken for authentication","service":"identity-service","timestamp":"2025-08-02T18:02:28.745Z"}
{"level":"warn","message":"Invalid refresh Token","service":"identity-service","timestamp":"2025-08-02T18:02:28.994Z"}
{"level":"warn","message":"Server error login in user fase is not defined","service":"identity-service","stack":"ReferenceError: fase is not defined\n    at refreshUserToken (C:\\Users\\USER\\Desktop\\New Project\\nodejs\\node-microservice\\identity-service\\src\\controllers\\identity-controller.js:125:18)\n    at process.processTicksAndRejections (node:internal/process/task_queues:105:5)","timestamp":"2025-08-02T18:02:28.999Z"}
{"level":"info","message":"🚀 Identity-sevice Server running on port 3001","service":"identity-service","timestamp":"2025-08-02T18:03:32.924Z"}
{"level":"info","message":"Database connected successfully","service":"identity-service","timestamp":"2025-08-02T18:03:37.203Z"}
{"level":"info","message":"Received POST request to /api/auth/refresh","service":"identity-service","timestamp":"2025-08-02T18:03:40.814Z"}
{"level":"info","message":"Request Body: {\"refreshTokenOne\":\"59527bf09364fbafaee3d6d2bd3fe17adad2ee4aeafcd5142503db533fdf85b7bf0798c2a4953a70\"}","service":"identity-service","timestamp":"2025-08-02T18:03:40.817Z"}
{"level":"warn","message":"Getting the refreshToken for authentication","service":"identity-service","timestamp":"2025-08-02T18:03:40.839Z"}
{"level":"warn","message":"Invalid refresh Token","service":"identity-service","timestamp":"2025-08-02T18:03:41.193Z"}
{"level":"info","message":"Received POST request to /api/auth/login","service":"identity-service","timestamp":"2025-08-02T18:07:01.711Z"}
{"level":"info","message":"Request Body: {\"email\":\"goodee123@gmail.com\",\"password\":\"ayomide\"}","service":"identity-service","timestamp":"2025-08-02T18:07:01.721Z"}
{"level":"info","message":"Logging in user from the identity service","service":"identity-service","timestamp":"2025-08-02T18:07:01.734Z"}
{"level":"info","message":"Received POST request to /api/auth/refresh","service":"identity-service","timestamp":"2025-08-02T18:07:23.605Z"}
{"level":"info","message":"Request Body: {\"refreshTokenOne\":\"39bbefcf25a0d0a1bce52707e297e8f36aa2989b0234b774de011db2641f755d89f8c4a2858837f3\"}","service":"identity-service","timestamp":"2025-08-02T18:07:23.616Z"}
{"level":"warn","message":"Getting the refreshToken for authentication","service":"identity-service","timestamp":"2025-08-02T18:07:23.619Z"}
{"level":"info","message":"Received POST request to /api/auth/refresh","service":"identity-service","timestamp":"2025-08-02T18:07:34.802Z"}
{"level":"info","message":"Request Body: {\"refreshTokenOne\":\"39bbefcf25a0d0a1bce52707e297e8f36aa2989b0234b774de011db2641f755d89f8c4a2858837f3\"}","service":"identity-service","timestamp":"2025-08-02T18:07:34.810Z"}
{"level":"warn","message":"Getting the refreshToken for authentication","service":"identity-service","timestamp":"2025-08-02T18:07:34.843Z"}
{"level":"warn","message":"Invalid refresh Token","service":"identity-service","timestamp":"2025-08-02T18:07:35.029Z"}
{"level":"info","message":"Received POST request to /api/auth/refresh","service":"identity-service","timestamp":"2025-08-02T18:07:44.370Z"}
{"level":"info","message":"Request Body: {\"refreshTokenOne\":\"ac01cc5c3ee4ea4ac94d5d6695d61d8039df68292c491dd13026d6a9c5c9c8ee7f2917028d829825\"}","service":"identity-service","timestamp":"2025-08-02T18:07:44.376Z"}
{"level":"warn","message":"Getting the refreshToken for authentication","service":"identity-service","timestamp":"2025-08-02T18:07:44.385Z"}
{"level":"info","message":"Received POST request to /api/auth/refresh","service":"identity-service","timestamp":"2025-08-02T18:07:54.478Z"}
{"level":"info","message":"Request Body: {\"refreshTokenOne\":\"ac01cc5c3ee4ea4ac94d5d6695d61d8039df68292c491dd13026d6a9c5c9c8ee7f2917028d829825\"}","service":"identity-service","timestamp":"2025-08-02T18:07:54.488Z"}
{"level":"warn","message":"Getting the refreshToken for authentication","service":"identity-service","timestamp":"2025-08-02T18:07:54.490Z"}
{"level":"warn","message":"Invalid refresh Token","service":"identity-service","timestamp":"2025-08-02T18:07:54.662Z"}
{"level":"info","message":"Received POST request to /api/auth/logout","service":"identity-service","timestamp":"2025-08-02T18:08:04.665Z"}
{"level":"info","message":"Request Body: {\"refreshToken\":\"5c9c30b4bb5fe4b862c6f667ae14a450ebf935ec965db4f25bb07fdfd980e3bf99e94dda9f84f3cf\"}","service":"identity-service","timestamp":"2025-08-02T18:08:04.666Z"}
{"level":"warn","message":"Hit the logout api","service":"identity-service","timestamp":"2025-08-02T18:08:04.669Z"}
{"level":"info","message":"Refresh token delted successfully","service":"identity-service","timestamp":"2025-08-02T18:08:04.868Z"}
{"level":"info","message":"Received POST request to /api/auth/logout","service":"identity-service","timestamp":"2025-08-02T18:08:12.863Z"}
{"level":"info","message":"Request Body: {\"refreshToken\":\"5c9c30b4bb5fe4b862c6f667ae14a450ebf935ec965db4f25bb07fdfd980e3bf99e94dda9f84f3cf\"}","service":"identity-service","timestamp":"2025-08-02T18:08:12.864Z"}
{"level":"warn","message":"Hit the logout api","service":"identity-service","timestamp":"2025-08-02T18:08:12.866Z"}
{"level":"info","message":"Refresh token delted successfully","service":"identity-service","timestamp":"2025-08-02T18:08:13.039Z"}
{"level":"info","message":"Received POST request to /api/auth/logout","service":"identity-service","timestamp":"2025-08-02T18:09:01.172Z"}
{"level":"info","message":"Request Body: {\"refreshToken\":\"5c9c30b4bb5fe4b862c6f667ae14a450ebf935ec965db4f25bb07fdfd980e3bf99e94dda9f84f3cf\"}","service":"identity-service","timestamp":"2025-08-02T18:09:01.172Z"}
{"level":"warn","message":"Hit the logout api","service":"identity-service","timestamp":"2025-08-02T18:09:01.182Z"}
{"level":"info","message":"Refresh token delted successfully","service":"identity-service","timestamp":"2025-08-02T18:09:01.333Z"}
{"level":"info","message":"🚀 Identity-sevice Server running on port 3001","service":"identity-service","timestamp":"2025-08-02T18:12:31.860Z"}
{"level":"info","message":"Database connected successfully","service":"identity-service","timestamp":"2025-08-02T18:12:34.756Z"}
{"level":"info","message":"🚀 Identity-sevice Server running on port 3001","service":"identity-service","timestamp":"2025-08-02T18:12:55.584Z"}
{"level":"info","message":"Database connected successfully","service":"identity-service","timestamp":"2025-08-02T18:12:57.610Z"}
{"level":"info","message":"Received POST request to /api/auth/logout","service":"identity-service","timestamp":"2025-08-02T18:13:24.515Z"}
{"level":"info","message":"Request Body: {\"refreshToken\":\"5c9c30b4bb5fe4b862c6f667ae14a450ebf935ec965db4f25bb07fdfd980e3bf99e94dda9f84f3cf\"}","service":"identity-service","timestamp":"2025-08-02T18:13:24.516Z"}
{"level":"warn","message":"Hit the logout api","service":"identity-service","timestamp":"2025-08-02T18:13:24.529Z"}
{"level":"warn","message":"Invalid or already deleted refresh token","service":"identity-service","timestamp":"2025-08-02T18:13:24.747Z"}
{"level":"info","message":"Received POST request to /api/auth/login","service":"identity-service","timestamp":"2025-08-02T18:13:45.678Z"}
{"level":"info","message":"Request Body: {\"email\":\"goodee123@gmail.com\",\"password\":\"ayomide\"}","service":"identity-service","timestamp":"2025-08-02T18:13:45.679Z"}
{"level":"info","message":"Logging in user from the identity service","service":"identity-service","timestamp":"2025-08-02T18:13:45.686Z"}
{"level":"info","message":"Received POST request to /api/auth/refresh","service":"identity-service","timestamp":"2025-08-02T18:13:57.875Z"}
{"level":"info","message":"Request Body: {\"refreshTokenOne\":\"ac01cc5c3ee4ea4ac94d5d6695d61d8039df68292c491dd13026d6a9c5c9c8ee7f2917028d829825\"}","service":"identity-service","timestamp":"2025-08-02T18:13:57.877Z"}
{"level":"warn","message":"Getting the refreshToken for authentication","service":"identity-service","timestamp":"2025-08-02T18:13:57.882Z"}
{"level":"warn","message":"Invalid refresh Token","service":"identity-service","timestamp":"2025-08-02T18:13:58.070Z"}
{"level":"info","message":"Received POST request to /api/auth/refresh","service":"identity-service","timestamp":"2025-08-02T18:14:06.527Z"}
{"level":"info","message":"Request Body: {\"refreshTokenOne\":\"18fbff138b21dd6120710f9ec7808fdb79ab4521516fb193a9c87110c76ed5d61dc34488e33bf68d\"}","service":"identity-service","timestamp":"2025-08-02T18:14:06.528Z"}
{"level":"warn","message":"Getting the refreshToken for authentication","service":"identity-service","timestamp":"2025-08-02T18:14:06.533Z"}
{"level":"info","message":"Received POST request to /api/auth/refresh","service":"identity-service","timestamp":"2025-08-02T18:14:14.801Z"}
{"level":"info","message":"Request Body: {\"refreshTokenOne\":\"18fbff138b21dd6120710f9ec7808fdb79ab4521516fb193a9c87110c76ed5d61dc34488e33bf68d\"}","service":"identity-service","timestamp":"2025-08-02T18:14:14.803Z"}
{"level":"warn","message":"Getting the refreshToken for authentication","service":"identity-service","timestamp":"2025-08-02T18:14:14.806Z"}
{"level":"warn","message":"Invalid refresh Token","service":"identity-service","timestamp":"2025-08-02T18:14:14.971Z"}
{"level":"info","message":"Received POST request to /api/auth/logout","service":"identity-service","timestamp":"2025-08-02T18:14:25.944Z"}
{"level":"info","message":"Request Body: {\"refreshToken\":\"c768d5d5da9a903d75f219450000e064b2889af4e9cc2dc16c3aac5ece025c45f96e49061a6cf676\"}","service":"identity-service","timestamp":"2025-08-02T18:14:25.945Z"}
{"level":"warn","message":"Hit the logout api","service":"identity-service","timestamp":"2025-08-02T18:14:25.950Z"}
{"level":"info","message":"Refresh token delted successfully","service":"identity-service","timestamp":"2025-08-02T18:14:26.284Z"}
{"level":"info","message":"Received POST request to /api/auth/logout","service":"identity-service","timestamp":"2025-08-02T18:14:29.163Z"}
{"level":"info","message":"Request Body: {\"refreshToken\":\"c768d5d5da9a903d75f219450000e064b2889af4e9cc2dc16c3aac5ece025c45f96e49061a6cf676\"}","service":"identity-service","timestamp":"2025-08-02T18:14:29.164Z"}
{"level":"warn","message":"Hit the logout api","service":"identity-service","timestamp":"2025-08-02T18:14:29.166Z"}
{"level":"warn","message":"Invalid or already deleted refresh token","service":"identity-service","timestamp":"2025-08-02T18:14:29.352Z"}
{"level":"info","message":"🚀 Identity-sevice Server running on port 3001","service":"identity-service","timestamp":"2025-08-02T18:16:00.159Z"}
{"level":"info","message":"Database connected successfully","service":"identity-service","timestamp":"2025-08-02T18:16:02.478Z"}
{"level":"info","message":"🚀 Identity-sevice Server running on port 3001","service":"identity-service","timestamp":"2025-08-03T15:55:14.999Z"}
{"level":"info","message":"Database connected successfully","service":"identity-service","timestamp":"2025-08-03T15:55:22.632Z"}
{"level":"info","message":"🚀 Identity-sevice Server running on port 3001","service":"identity-service","timestamp":"2025-08-03T16:56:41.809Z"}
{"level":"info","message":"Database connected successfully","service":"identity-service","timestamp":"2025-08-03T16:56:44.692Z"}
{"level":"info","message":"Received POST request to /api/auth/login","service":"identity-service","timestamp":"2025-08-03T16:56:53.918Z"}
{"level":"info","message":"Request Body: {\"email\":\"goodee123@gmail.com\",\"password\":\"ayomide\"}","service":"identity-service","timestamp":"2025-08-03T16:56:53.919Z"}
{"level":"info","message":"Logging in user from the identity service","service":"identity-service","timestamp":"2025-08-03T16:56:53.931Z"}
{"level":"info","message":"Received POST request to /api/auth/login","service":"identity-service","timestamp":"2025-08-03T17:01:08.620Z"}
{"level":"info","message":"Request Body: {\"email\":\"goodee123@gmail.com\",\"password\":\"ayomide\"}","service":"identity-service","timestamp":"2025-08-03T17:01:08.621Z"}
{"level":"info","message":"Logging in user from the identity service","service":"identity-service","timestamp":"2025-08-03T17:01:08.625Z"}
{"level":"info","message":"Received POST request to /api/auth/login","service":"identity-service","timestamp":"2025-08-03T17:01:10.313Z"}
{"level":"info","message":"Request Body: {\"email\":\"goodee123@gmail.com\",\"password\":\"ayomide\"}","service":"identity-service","timestamp":"2025-08-03T17:01:10.314Z"}
{"level":"info","message":"Logging in user from the identity service","service":"identity-service","timestamp":"2025-08-03T17:01:10.318Z"}
{"level":"info","message":"Received POST request to /api/auth/login","service":"identity-service","timestamp":"2025-08-03T17:01:12.886Z"}
{"level":"info","message":"Request Body: {\"email\":\"goodee123@gmail.com\",\"password\":\"ayomide\"}","service":"identity-service","timestamp":"2025-08-03T17:01:12.887Z"}
{"level":"info","message":"Logging in user from the identity service","service":"identity-service","timestamp":"2025-08-03T17:01:12.891Z"}
{"level":"info","message":"Received POST request to /api/auth/login","service":"identity-service","timestamp":"2025-08-03T17:01:15.020Z"}
{"level":"info","message":"Request Body: {\"email\":\"goodee123@gmail.com\",\"password\":\"ayomide\"}","service":"identity-service","timestamp":"2025-08-03T17:01:15.020Z"}
{"level":"info","message":"Logging in user from the identity service","service":"identity-service","timestamp":"2025-08-03T17:01:15.023Z"}
{"level":"info","message":"Received POST request to /api/auth/login","service":"identity-service","timestamp":"2025-08-03T17:01:17.139Z"}
{"level":"info","message":"Request Body: {\"email\":\"goodee123@gmail.com\",\"password\":\"ayomide\"}","service":"identity-service","timestamp":"2025-08-03T17:01:17.140Z"}
{"level":"info","message":"Logging in user from the identity service","service":"identity-service","timestamp":"2025-08-03T17:01:17.148Z"}
{"level":"info","message":"Received POST request to /api/auth/login","service":"identity-service","timestamp":"2025-08-03T17:01:19.383Z"}
{"level":"info","message":"Request Body: {\"email\":\"goodee123@gmail.com\",\"password\":\"ayomide\"}","service":"identity-service","timestamp":"2025-08-03T17:01:19.384Z"}
{"level":"info","message":"Logging in user from the identity service","service":"identity-service","timestamp":"2025-08-03T17:01:19.386Z"}
{"level":"info","message":"Received POST request to /api/auth/login","service":"identity-service","timestamp":"2025-08-03T17:01:21.480Z"}
{"level":"info","message":"Request Body: {\"email\":\"goodee123@gmail.com\",\"password\":\"ayomide\"}","service":"identity-service","timestamp":"2025-08-03T17:01:21.481Z"}
{"level":"info","message":"Logging in user from the identity service","service":"identity-service","timestamp":"2025-08-03T17:01:21.483Z"}
{"level":"info","message":"Received POST request to /api/auth/login","service":"identity-service","timestamp":"2025-08-03T17:01:23.640Z"}
{"level":"info","message":"Request Body: {\"email\":\"goodee123@gmail.com\",\"password\":\"ayomide\"}","service":"identity-service","timestamp":"2025-08-03T17:01:23.640Z"}
{"level":"info","message":"Logging in user from the identity service","service":"identity-service","timestamp":"2025-08-03T17:01:23.643Z"}
{"level":"info","message":"Received POST request to /api/auth/login","service":"identity-service","timestamp":"2025-08-03T17:01:25.840Z"}
{"level":"info","message":"Request Body: {\"email\":\"goodee123@gmail.com\",\"password\":\"ayomide\"}","service":"identity-service","timestamp":"2025-08-03T17:01:25.841Z"}
{"level":"info","message":"Logging in user from the identity service","service":"identity-service","timestamp":"2025-08-03T17:01:25.842Z"}
{"level":"info","message":"Received POST request to /api/auth/login","service":"identity-service","timestamp":"2025-08-03T17:01:27.891Z"}
{"level":"info","message":"Request Body: {\"email\":\"goodee123@gmail.com\",\"password\":\"ayomide\"}","service":"identity-service","timestamp":"2025-08-03T17:01:27.892Z"}
{"level":"info","message":"Logging in user from the identity service","service":"identity-service","timestamp":"2025-08-03T17:01:27.893Z"}
{"level":"info","message":"Received POST request to /api/auth/login","service":"identity-service","timestamp":"2025-08-03T17:01:30.006Z"}
{"level":"info","message":"Request Body: {\"email\":\"goodee123@gmail.com\",\"password\":\"ayomide\"}","service":"identity-service","timestamp":"2025-08-03T17:01:30.006Z"}
{"level":"info","message":"Logging in user from the identity service","service":"identity-service","timestamp":"2025-08-03T17:01:30.008Z"}
{"level":"info","message":"Received POST request to /api/auth/login","service":"identity-service","timestamp":"2025-08-03T17:01:32.138Z"}
{"level":"info","message":"Request Body: {\"email\":\"goodee123@gmail.com\",\"password\":\"ayomide\"}","service":"identity-service","timestamp":"2025-08-03T17:01:32.139Z"}
{"level":"info","message":"Logging in user from the identity service","service":"identity-service","timestamp":"2025-08-03T17:01:32.141Z"}
{"level":"info","message":"Received POST request to /api/auth/login","service":"identity-service","timestamp":"2025-08-03T17:01:34.384Z"}
{"level":"info","message":"Request Body: {\"email\":\"goodee123@gmail.com\",\"password\":\"ayomide\"}","service":"identity-service","timestamp":"2025-08-03T17:01:34.384Z"}
{"level":"info","message":"Logging in user from the identity service","service":"identity-service","timestamp":"2025-08-03T17:01:34.386Z"}
{"level":"info","message":"Received POST request to /api/auth/login","service":"identity-service","timestamp":"2025-08-03T17:01:36.834Z"}
{"level":"info","message":"Request Body: {\"email\":\"goodee123@gmail.com\",\"password\":\"ayomide\"}","service":"identity-service","timestamp":"2025-08-03T17:01:36.835Z"}
{"level":"info","message":"Logging in user from the identity service","service":"identity-service","timestamp":"2025-08-03T17:01:36.836Z"}
{"level":"info","message":"🚀 Identity-sevice Server running on port 3001","service":"identity-service","timestamp":"2025-08-03T17:02:03.641Z"}
{"level":"info","message":"🚀 Identity-sevice Server running on port 3001","service":"identity-service","timestamp":"2025-08-03T17:02:06.005Z"}
{"level":"info","message":"Database connected successfully","service":"identity-service","timestamp":"2025-08-03T17:02:08.207Z"}
{"level":"info","message":"Received POST request to /api/auth/login","service":"identity-service","timestamp":"2025-08-03T17:02:16.316Z"}
{"level":"info","message":"Request Body: {\"email\":\"goodee123@gmail.com\",\"password\":\"ayomide\"}","service":"identity-service","timestamp":"2025-08-03T17:02:16.317Z"}
{"level":"info","message":"Logging in user from the identity service","service":"identity-service","timestamp":"2025-08-03T17:02:16.324Z"}
{"level":"info","message":"Received POST request to /api/auth/login","service":"identity-service","timestamp":"2025-08-03T17:02:18.727Z"}
{"level":"info","message":"Request Body: {\"email\":\"goodee123@gmail.com\",\"password\":\"ayomide\"}","service":"identity-service","timestamp":"2025-08-03T17:02:18.729Z"}
{"level":"info","message":"Logging in user from the identity service","service":"identity-service","timestamp":"2025-08-03T17:02:18.733Z"}
{"level":"info","message":"Received POST request to /api/auth/login","service":"identity-service","timestamp":"2025-08-03T17:02:20.978Z"}
{"level":"info","message":"Request Body: {\"email\":\"goodee123@gmail.com\",\"password\":\"ayomide\"}","service":"identity-service","timestamp":"2025-08-03T17:02:20.982Z"}
{"level":"info","message":"Logging in user from the identity service","service":"identity-service","timestamp":"2025-08-03T17:02:20.985Z"}
{"level":"info","message":"Received POST request to /api/auth/login","service":"identity-service","timestamp":"2025-08-03T17:02:23.045Z"}
{"level":"info","message":"Request Body: {\"email\":\"goodee123@gmail.com\",\"password\":\"ayomide\"}","service":"identity-service","timestamp":"2025-08-03T17:02:23.047Z"}
{"level":"info","message":"Logging in user from the identity service","service":"identity-service","timestamp":"2025-08-03T17:02:23.050Z"}
{"level":"info","message":"Received POST request to /api/auth/login","service":"identity-service","timestamp":"2025-08-03T17:02:25.092Z"}
{"level":"info","message":"Request Body: {\"email\":\"goodee123@gmail.com\",\"password\":\"ayomide\"}","service":"identity-service","timestamp":"2025-08-03T17:02:25.093Z"}
{"level":"info","message":"Logging in user from the identity service","service":"identity-service","timestamp":"2025-08-03T17:02:25.096Z"}
{"level":"info","message":"Received POST request to /api/auth/login","service":"identity-service","timestamp":"2025-08-03T17:02:27.376Z"}
{"level":"info","message":"Request Body: {\"email\":\"goodee123@gmail.com\",\"password\":\"ayomide\"}","service":"identity-service","timestamp":"2025-08-03T17:02:27.376Z"}
{"level":"info","message":"Logging in user from the identity service","service":"identity-service","timestamp":"2025-08-03T17:02:27.379Z"}
{"level":"info","message":"Received POST request to /api/auth/login","service":"identity-service","timestamp":"2025-08-03T17:02:29.540Z"}
{"level":"info","message":"Request Body: {\"email\":\"goodee123@gmail.com\",\"password\":\"ayomide\"}","service":"identity-service","timestamp":"2025-08-03T17:02:29.541Z"}
{"level":"info","message":"Logging in user from the identity service","service":"identity-service","timestamp":"2025-08-03T17:02:29.543Z"}
{"level":"info","message":"Received POST request to /api/auth/login","service":"identity-service","timestamp":"2025-08-03T17:02:31.989Z"}
{"level":"info","message":"Request Body: {\"email\":\"goodee123@gmail.com\",\"password\":\"ayomide\"}","service":"identity-service","timestamp":"2025-08-03T17:02:31.989Z"}
{"level":"info","message":"Logging in user from the identity service","service":"identity-service","timestamp":"2025-08-03T17:02:31.993Z"}
{"level":"info","message":"🚀 Identity-sevice Server running on port 3001","service":"identity-service","timestamp":"2025-08-03T17:03:02.428Z"}
{"level":"info","message":"Database connected successfully","service":"identity-service","timestamp":"2025-08-03T17:03:04.417Z"}
{"level":"info","message":"Received POST request to /api/auth/login","service":"identity-service","timestamp":"2025-08-03T17:03:06.907Z"}
{"level":"info","message":"Request Body: {\"email\":\"goodee123@gmail.com\",\"password\":\"ayomide\"}","service":"identity-service","timestamp":"2025-08-03T17:03:06.908Z"}
{"level":"info","message":"Logging in user from the identity service","service":"identity-service","timestamp":"2025-08-03T17:03:06.915Z"}
{"level":"info","message":"Received POST request to /api/auth/login","service":"identity-service","timestamp":"2025-08-03T17:03:09.267Z"}
{"level":"info","message":"Request Body: {\"email\":\"goodee123@gmail.com\",\"password\":\"ayomide\"}","service":"identity-service","timestamp":"2025-08-03T17:03:09.307Z"}
{"level":"info","message":"Logging in user from the identity service","service":"identity-service","timestamp":"2025-08-03T17:03:09.310Z"}
{"level":"info","message":"Received POST request to /api/auth/login","service":"identity-service","timestamp":"2025-08-03T17:03:11.444Z"}
{"level":"info","message":"Request Body: {\"email\":\"goodee123@gmail.com\",\"password\":\"ayomide\"}","service":"identity-service","timestamp":"2025-08-03T17:03:11.445Z"}
{"level":"info","message":"Logging in user from the identity service","service":"identity-service","timestamp":"2025-08-03T17:03:11.449Z"}
{"level":"info","message":"Received POST request to /api/auth/login","service":"identity-service","timestamp":"2025-08-03T17:03:13.729Z"}
{"level":"info","message":"Request Body: {\"email\":\"goodee123@gmail.com\",\"password\":\"ayomide\"}","service":"identity-service","timestamp":"2025-08-03T17:03:13.732Z"}
{"level":"info","message":"Logging in user from the identity service","service":"identity-service","timestamp":"2025-08-03T17:03:13.735Z"}
{"level":"info","message":"Received POST request to /api/auth/login","service":"identity-service","timestamp":"2025-08-03T17:03:16.094Z"}
{"level":"info","message":"Request Body: {\"email\":\"goodee123@gmail.com\",\"password\":\"ayomide\"}","service":"identity-service","timestamp":"2025-08-03T17:03:16.094Z"}
{"level":"info","message":"Logging in user from the identity service","service":"identity-service","timestamp":"2025-08-03T17:03:16.100Z"}
{"level":"info","message":"🚀 Identity-sevice Server running on port 3001","service":"identity-service","timestamp":"2025-08-03T17:03:42.728Z"}
{"level":"info","message":"Database connected successfully","service":"identity-service","timestamp":"2025-08-03T17:03:44.753Z"}
{"level":"info","message":"Received POST request to /api/auth/login","service":"identity-service","timestamp":"2025-08-03T17:03:52.131Z"}
{"level":"info","message":"Request Body: {\"email\":\"goodee123@gmail.com\",\"password\":\"ayomide\"}","service":"identity-service","timestamp":"2025-08-03T17:03:52.132Z"}
{"level":"warn","message":"Sensitive endpoint rate limit exceeded for IP: ::1","service":"identity-service","timestamp":"2025-08-03T17:03:52.143Z"}
{"level":"info","message":"Received POST request to /api/auth/login","service":"identity-service","timestamp":"2025-08-03T17:04:00.173Z"}
{"level":"info","message":"Request Body: {\"email\":\"goodee123@gmail.com\",\"password\":\"ayomide\"}","service":"identity-service","timestamp":"2025-08-03T17:04:00.174Z"}
{"level":"warn","message":"Sensitive endpoint rate limit exceeded for IP: ::1","service":"identity-service","timestamp":"2025-08-03T17:04:00.187Z"}
{"level":"info","message":"🚀 Identity-sevice Server running on port 3001","service":"identity-service","timestamp":"2025-08-03T17:04:27.202Z"}
{"level":"info","message":"Database connected successfully","service":"identity-service","timestamp":"2025-08-03T17:04:29.996Z"}
{"level":"info","message":"🚀 Identity-sevice Server running on port 3001","service":"identity-service","timestamp":"2025-08-03T17:04:57.981Z"}
{"level":"info","message":"Received POST request to /api/auth/login","service":"identity-service","timestamp":"2025-08-03T17:05:01.186Z"}
{"level":"info","message":"Request Body: {\"email\":\"goodee123@gmail.com\",\"password\":\"ayomide\"}","service":"identity-service","timestamp":"2025-08-03T17:05:01.187Z"}
{"level":"info","message":"Logging in user from the identity service","service":"identity-service","timestamp":"2025-08-03T17:05:01.204Z"}
{"level":"info","message":"Database connected successfully","service":"identity-service","timestamp":"2025-08-03T17:05:04.476Z"}
{"level":"info","message":"Received POST request to /api/auth/login","service":"identity-service","timestamp":"2025-08-03T17:10:05.284Z"}
{"level":"info","message":"Request Body: {\"email\":\"goodee123@gmail.com\",\"password\":\"ayomide\"}","service":"identity-service","timestamp":"2025-08-03T17:10:05.285Z"}
{"level":"info","message":"Logging in user from the identity service","service":"identity-service","timestamp":"2025-08-03T17:10:05.293Z"}
{"level":"info","message":"Received POST request to /api/auth/login","service":"identity-service","timestamp":"2025-08-03T17:57:46.143Z"}
{"level":"info","message":"Request Body: {\"email\":\"goodee123@gmail.com\",\"password\":\"ayomide\"}","service":"identity-service","timestamp":"2025-08-03T17:57:46.145Z"}
{"level":"info","message":"Logging in user from the identity service","service":"identity-service","timestamp":"2025-08-03T17:57:46.154Z"}
