{"level":"info","message":"API Gateway is running on port 3000","service":"api-gateway","timestamp":"2025-08-02T07:58:15.588Z"}
{"level":"info","message":"Identity service is running on port http://localhost:3001","service":"api-gateway","timestamp":"2025-08-02T07:58:15.602Z"}
{"level":"info","message":"Redis connected: redis://localhost:6379","service":"api-gateway","timestamp":"2025-08-02T07:58:15.605Z"}
{"level":"info","message":"Received POST request to /v1/auth/register","service":"api-gateway","timestamp":"2025-08-02T08:01:00.429Z"}
{"level":"info","message":"Request Body: {\"username\":\"Goodee123\",\"password\":\"ayomide\",\"email\":\"goodee123@gmail.com\"}","service":"api-gateway","timestamp":"2025-08-02T08:01:00.433Z"}
{"level":"error","message":"Proxy Error: ","service":"api-gateway","timestamp":"2025-08-02T08:01:00.457Z"}
{"level":"info","message":"Received POST request to /v1/auth/register","service":"api-gateway","timestamp":"2025-08-02T08:01:46.934Z"}
{"level":"info","message":"Request Body: {\"username\":\"Goodee123\",\"password\":\"ayomide\",\"email\":\"goodee123@gmail.com\"}","service":"api-gateway","timestamp":"2025-08-02T08:01:46.941Z"}
{"level":"info","message":"Response receives from Identity services: 201","service":"api-gateway","timestamp":"2025-08-02T08:01:48.213Z"}
{"level":"info","message":"API Gateway is running on port 3000","service":"api-gateway","timestamp":"2025-08-02T16:29:41.036Z"}
{"level":"info","message":"Identity service is running on port http://localhost:3001","service":"api-gateway","timestamp":"2025-08-02T16:29:41.041Z"}
{"level":"info","message":"Redis connected: redis://localhost:6379","service":"api-gateway","timestamp":"2025-08-02T16:29:41.042Z"}
{"level":"info","message":"Received POST request to /v1/auth/login","service":"api-gateway","timestamp":"2025-08-02T16:31:46.086Z"}
{"level":"info","message":"Request Body: {\"email\":\"goodee123@gmail.com\",\"password\":\"ayomide\"}","service":"api-gateway","timestamp":"2025-08-02T16:31:46.089Z"}
{"level":"info","message":"Response receives from Identity services: 500","service":"api-gateway","timestamp":"2025-08-02T16:31:46.857Z"}
{"level":"info","message":"Received POST request to /v1/auth/login","service":"api-gateway","timestamp":"2025-08-02T16:32:56.342Z"}
{"level":"info","message":"Request Body: {\"email\":\"goodee123@gmail.com\",\"password\":\"ayomide\"}","service":"api-gateway","timestamp":"2025-08-02T16:32:56.345Z"}
{"level":"info","message":"Response receives from Identity services: 500","service":"api-gateway","timestamp":"2025-08-02T16:32:57.282Z"}
{"level":"info","message":"Received POST request to /v1/auth/login","service":"api-gateway","timestamp":"2025-08-02T16:33:18.347Z"}
{"level":"info","message":"Request Body: {\"email\":\"goodee123@gmail.com\",\"password\":\"ayomide\"}","service":"api-gateway","timestamp":"2025-08-02T16:33:18.350Z"}
{"level":"info","message":"Response receives from Identity services: 200","service":"api-gateway","timestamp":"2025-08-02T16:33:19.122Z"}
{"level":"info","message":"Received POST request to /v1/auth/login","service":"api-gateway","timestamp":"2025-08-02T16:33:39.491Z"}
{"level":"info","message":"Request Body: {\"email\":\"goodee123gmail.com\",\"password\":\"ayomide\"}","service":"api-gateway","timestamp":"2025-08-02T16:33:39.492Z"}
{"level":"info","message":"Response receives from Identity services: 400","service":"api-gateway","timestamp":"2025-08-02T16:33:39.512Z"}
{"level":"info","message":"Received POST request to /v1/auth/login","service":"api-gateway","timestamp":"2025-08-02T17:39:21.695Z"}
{"level":"info","message":"Request Body: {\"email\":\"goodee123@gmail.com\",\"password\":\"ayomide\"}","service":"api-gateway","timestamp":"2025-08-02T17:39:21.696Z"}
{"level":"error","message":"Proxy Error: ","service":"api-gateway","timestamp":"2025-08-02T17:39:21.703Z"}
{"level":"info","message":"Received POST request to /v1/auth/login","service":"api-gateway","timestamp":"2025-08-02T17:39:47.429Z"}
{"level":"info","message":"Request Body: {\"email\":\"goodee123@gmail.com\",\"password\":\"ayomide\"}","service":"api-gateway","timestamp":"2025-08-02T17:39:47.430Z"}
{"level":"info","message":"Response receives from Identity services: 200","service":"api-gateway","timestamp":"2025-08-02T17:39:48.458Z"}
{"level":"info","message":"Received POST request to /v1/auth/refresh","service":"api-gateway","timestamp":"2025-08-02T17:42:05.762Z"}
{"level":"info","message":"Request Body: {\"refreshTokenOne\":\"681447410c6e1db0bb83b8b076556ffe9d1ff542037490705cc5230dde4cbd409c9e207804a4b79d\"}","service":"api-gateway","timestamp":"2025-08-02T17:42:05.764Z"}
{"level":"info","message":"Response receives from Identity services: 200","service":"api-gateway","timestamp":"2025-08-02T17:42:06.567Z"}
{"level":"info","message":"Received POST request to /v1/auth/logout","service":"api-gateway","timestamp":"2025-08-02T17:52:56.372Z"}
{"level":"info","message":"Request Body: {\"refreshToken\":\"7b2d2b321d89c7fdca3625fcb9fb51d29a0577c7d943bb043f15dc3f1c7610372efdf45ded86ddf1\"}","service":"api-gateway","timestamp":"2025-08-02T17:52:56.377Z"}
{"level":"info","message":"Response receives from Identity services: 200","service":"api-gateway","timestamp":"2025-08-02T17:52:56.914Z"}
{"level":"info","message":"Received POST request to /v1/auth/login","service":"api-gateway","timestamp":"2025-08-02T17:53:15.106Z"}
{"level":"info","message":"Request Body: {\"email\":\"goodee123@gmail.com\",\"password\":\"ayomide\"}","service":"api-gateway","timestamp":"2025-08-02T17:53:15.106Z"}
{"level":"info","message":"Response receives from Identity services: 200","service":"api-gateway","timestamp":"2025-08-02T17:53:15.842Z"}
{"level":"info","message":"Received POST request to /v1/auth/logout","service":"api-gateway","timestamp":"2025-08-02T17:53:21.394Z"}
{"level":"info","message":"Request Body: {\"refreshToken\":\"7b2d2b321d89c7fdca3625fcb9fb51d29a0577c7d943bb043f15dc3f1c7610372efdf45ded86ddf1\"}","service":"api-gateway","timestamp":"2025-08-02T17:53:21.395Z"}
{"level":"info","message":"Response receives from Identity services: 200","service":"api-gateway","timestamp":"2025-08-02T17:53:21.785Z"}
{"level":"info","message":"Received POST request to /v1/auth/refresh","service":"api-gateway","timestamp":"2025-08-02T17:54:33.777Z"}
{"level":"info","message":"Request Body: {\"refreshTokenOne\":\"7b2d2b321d89c7fdca3625fcb9fb51d29a0577c7d943bb043f15dc3f1c7610372efdf45ded86ddf1\"}","service":"api-gateway","timestamp":"2025-08-02T17:54:33.778Z"}
{"level":"info","message":"Response receives from Identity services: 500","service":"api-gateway","timestamp":"2025-08-02T17:54:33.994Z"}
{"level":"info","message":"Received POST request to /v1/auth/login","service":"api-gateway","timestamp":"2025-08-02T17:55:10.127Z"}
{"level":"info","message":"Request Body: {\"email\":\"goodee123@gmail.com\",\"password\":\"ayomide\"}","service":"api-gateway","timestamp":"2025-08-02T17:55:10.129Z"}
{"level":"info","message":"Response receives from Identity services: 200","service":"api-gateway","timestamp":"2025-08-02T17:55:11.042Z"}
{"level":"info","message":"Received POST request to /v1/auth/refresh","service":"api-gateway","timestamp":"2025-08-02T17:55:27.133Z"}
{"level":"info","message":"Request Body: {\"refreshTokenOne\":\"200a1a08ee13ef42c7b90e692f194a4110c75b12c29ce84c7633062ff5618eef9f2e0a32841c434b\"}","service":"api-gateway","timestamp":"2025-08-02T17:55:27.134Z"}
{"level":"info","message":"Response receives from Identity services: 200","service":"api-gateway","timestamp":"2025-08-02T17:55:28.244Z"}
{"level":"info","message":"Received POST request to /v1/auth/logout","service":"api-gateway","timestamp":"2025-08-02T17:55:40.511Z"}
{"level":"info","message":"Request Body: {\"refreshToken\":\"200a1a08ee13ef42c7b90e692f194a4110c75b12c29ce84c7633062ff5618eef9f2e0a32841c434b\"}","service":"api-gateway","timestamp":"2025-08-02T17:55:40.511Z"}
{"level":"info","message":"Response receives from Identity services: 200","service":"api-gateway","timestamp":"2025-08-02T17:55:40.737Z"}
{"level":"info","message":"Received POST request to /v1/auth/login","service":"api-gateway","timestamp":"2025-08-02T17:55:58.392Z"}
{"level":"info","message":"Request Body: {\"email\":\"goodee123@gmail.com\",\"password\":\"ayomide\"}","service":"api-gateway","timestamp":"2025-08-02T17:55:58.392Z"}
{"level":"info","message":"Response receives from Identity services: 200","service":"api-gateway","timestamp":"2025-08-02T17:55:59.168Z"}
{"level":"info","message":"Received POST request to /v1/auth/refresh","service":"api-gateway","timestamp":"2025-08-02T17:56:06.575Z"}
{"level":"info","message":"Request Body: {\"refreshTokenOne\":\"200a1a08ee13ef42c7b90e692f194a4110c75b12c29ce84c7633062ff5618eef9f2e0a32841c434b\"}","service":"api-gateway","timestamp":"2025-08-02T17:56:06.576Z"}
{"level":"info","message":"Response receives from Identity services: 500","service":"api-gateway","timestamp":"2025-08-02T17:56:06.856Z"}
{"level":"info","message":"Received POST request to /v1/auth/refresh","service":"api-gateway","timestamp":"2025-08-02T17:56:27.808Z"}
{"level":"info","message":"Request Body: {\"refreshTokenOne\":\"59527bf09364fbafaee3d6d2bd3fe17adad2ee4aeafcd5142503db533fdf85b7bf0798c2a4953a70\"}","service":"api-gateway","timestamp":"2025-08-02T17:56:27.809Z"}
{"level":"info","message":"Response receives from Identity services: 200","service":"api-gateway","timestamp":"2025-08-02T17:56:28.658Z"}
{"level":"info","message":"Received POST request to /v1/auth/refresh","service":"api-gateway","timestamp":"2025-08-02T18:00:05.876Z"}
{"level":"info","message":"Request Body: {\"refreshTokenOne\":\"59527bf09364fbafaee3d6d2bd3fe17adad2ee4aeafcd5142503db533fdf85b7bf0798c2a4953a70\"}","service":"api-gateway","timestamp":"2025-08-02T18:00:05.877Z"}
{"level":"info","message":"Response receives from Identity services: 200","service":"api-gateway","timestamp":"2025-08-02T18:00:06.979Z"}
{"level":"info","message":"Received POST request to /v1/auth/refresh","service":"api-gateway","timestamp":"2025-08-02T18:00:11.607Z"}
{"level":"info","message":"Request Body: {\"refreshTokenOne\":\"59527bf09364fbafaee3d6d2bd3fe17adad2ee4aeafcd5142503db533fdf85b7bf0798c2a4953a70\"}","service":"api-gateway","timestamp":"2025-08-02T18:00:11.609Z"}
{"level":"info","message":"Response receives from Identity services: 200","service":"api-gateway","timestamp":"2025-08-02T18:00:12.505Z"}
{"level":"info","message":"Received POST request to /v1/auth/refresh","service":"api-gateway","timestamp":"2025-08-02T18:02:20.683Z"}
{"level":"info","message":"Request Body: {\"refreshTokenOne\":\"59527bf09364fbafaee3d6d2bd3fe17adad2ee4aeafcd5142503db533fdf85b7bf0798c2a4953a70\"}","service":"api-gateway","timestamp":"2025-08-02T18:02:20.684Z"}
{"level":"info","message":"Response receives from Identity services: 200","service":"api-gateway","timestamp":"2025-08-02T18:02:21.944Z"}
{"level":"info","message":"Received POST request to /v1/auth/refresh","service":"api-gateway","timestamp":"2025-08-02T18:02:28.721Z"}
{"level":"info","message":"Request Body: {\"refreshTokenOne\":\"59527bf09364fbafaee3d6d2bd3fe17adad2ee4aeafcd5142503db533fdf85b7bf0798c2a4953a70\"}","service":"api-gateway","timestamp":"2025-08-02T18:02:28.722Z"}
{"level":"info","message":"Response receives from Identity services: 500","service":"api-gateway","timestamp":"2025-08-02T18:02:29.013Z"}
{"level":"info","message":"Received POST request to /v1/auth/refresh","service":"api-gateway","timestamp":"2025-08-02T18:03:40.730Z"}
{"level":"info","message":"Request Body: {\"refreshTokenOne\":\"59527bf09364fbafaee3d6d2bd3fe17adad2ee4aeafcd5142503db533fdf85b7bf0798c2a4953a70\"}","service":"api-gateway","timestamp":"2025-08-02T18:03:40.731Z"}
{"level":"info","message":"Response receives from Identity services: 400","service":"api-gateway","timestamp":"2025-08-02T18:03:41.208Z"}
{"level":"info","message":"Received POST request to /v1/auth/login","service":"api-gateway","timestamp":"2025-08-02T18:07:01.708Z"}
{"level":"info","message":"Request Body: {\"email\":\"goodee123@gmail.com\",\"password\":\"ayomide\"}","service":"api-gateway","timestamp":"2025-08-02T18:07:01.709Z"}
{"level":"info","message":"Response receives from Identity services: 200","service":"api-gateway","timestamp":"2025-08-02T18:07:02.321Z"}
{"level":"info","message":"Received POST request to /v1/auth/refresh","service":"api-gateway","timestamp":"2025-08-02T18:07:23.588Z"}
{"level":"info","message":"Request Body: {\"refreshTokenOne\":\"39bbefcf25a0d0a1bce52707e297e8f36aa2989b0234b774de011db2641f755d89f8c4a2858837f3\"}","service":"api-gateway","timestamp":"2025-08-02T18:07:23.595Z"}
{"level":"info","message":"Response receives from Identity services: 200","service":"api-gateway","timestamp":"2025-08-02T18:07:24.320Z"}
{"level":"info","message":"Received POST request to /v1/auth/refresh","service":"api-gateway","timestamp":"2025-08-02T18:07:34.798Z"}
{"level":"info","message":"Request Body: {\"refreshTokenOne\":\"39bbefcf25a0d0a1bce52707e297e8f36aa2989b0234b774de011db2641f755d89f8c4a2858837f3\"}","service":"api-gateway","timestamp":"2025-08-02T18:07:34.801Z"}
{"level":"info","message":"Response receives from Identity services: 400","service":"api-gateway","timestamp":"2025-08-02T18:07:35.044Z"}
{"level":"info","message":"Received POST request to /v1/auth/refresh","service":"api-gateway","timestamp":"2025-08-02T18:07:44.363Z"}
{"level":"info","message":"Request Body: {\"refreshTokenOne\":\"ac01cc5c3ee4ea4ac94d5d6695d61d8039df68292c491dd13026d6a9c5c9c8ee7f2917028d829825\"}","service":"api-gateway","timestamp":"2025-08-02T18:07:44.366Z"}
{"level":"info","message":"Response receives from Identity services: 200","service":"api-gateway","timestamp":"2025-08-02T18:07:45.093Z"}
{"level":"info","message":"Received POST request to /v1/auth/refresh","service":"api-gateway","timestamp":"2025-08-02T18:07:54.468Z"}
{"level":"info","message":"Request Body: {\"refreshTokenOne\":\"ac01cc5c3ee4ea4ac94d5d6695d61d8039df68292c491dd13026d6a9c5c9c8ee7f2917028d829825\"}","service":"api-gateway","timestamp":"2025-08-02T18:07:54.472Z"}
{"level":"info","message":"Response receives from Identity services: 400","service":"api-gateway","timestamp":"2025-08-02T18:07:54.666Z"}
{"level":"info","message":"Received POST request to /v1/auth/logout","service":"api-gateway","timestamp":"2025-08-02T18:08:04.659Z"}
{"level":"info","message":"Request Body: {\"refreshToken\":\"5c9c30b4bb5fe4b862c6f667ae14a450ebf935ec965db4f25bb07fdfd980e3bf99e94dda9f84f3cf\"}","service":"api-gateway","timestamp":"2025-08-02T18:08:04.660Z"}
{"level":"info","message":"Response receives from Identity services: 200","service":"api-gateway","timestamp":"2025-08-02T18:08:04.870Z"}
{"level":"info","message":"Received POST request to /v1/auth/logout","service":"api-gateway","timestamp":"2025-08-02T18:08:12.859Z"}
{"level":"info","message":"Request Body: {\"refreshToken\":\"5c9c30b4bb5fe4b862c6f667ae14a450ebf935ec965db4f25bb07fdfd980e3bf99e94dda9f84f3cf\"}","service":"api-gateway","timestamp":"2025-08-02T18:08:12.860Z"}
{"level":"info","message":"Response receives from Identity services: 200","service":"api-gateway","timestamp":"2025-08-02T18:08:13.042Z"}
{"level":"info","message":"Received POST request to /v1/auth/logout","service":"api-gateway","timestamp":"2025-08-02T18:09:01.163Z"}
{"level":"info","message":"Request Body: {\"refreshToken\":\"5c9c30b4bb5fe4b862c6f667ae14a450ebf935ec965db4f25bb07fdfd980e3bf99e94dda9f84f3cf\"}","service":"api-gateway","timestamp":"2025-08-02T18:09:01.164Z"}
{"level":"info","message":"Response receives from Identity services: 200","service":"api-gateway","timestamp":"2025-08-02T18:09:01.335Z"}
{"level":"info","message":"Received POST request to /v1/auth/logout","service":"api-gateway","timestamp":"2025-08-02T18:13:24.460Z"}
{"level":"info","message":"Request Body: {\"refreshToken\":\"5c9c30b4bb5fe4b862c6f667ae14a450ebf935ec965db4f25bb07fdfd980e3bf99e94dda9f84f3cf\"}","service":"api-gateway","timestamp":"2025-08-02T18:13:24.462Z"}
{"level":"info","message":"Response receives from Identity services: 400","service":"api-gateway","timestamp":"2025-08-02T18:13:24.756Z"}
{"level":"info","message":"Received POST request to /v1/auth/login","service":"api-gateway","timestamp":"2025-08-02T18:13:45.668Z"}
{"level":"info","message":"Request Body: {\"email\":\"goodee123@gmail.com\",\"password\":\"ayomide\"}","service":"api-gateway","timestamp":"2025-08-02T18:13:45.670Z"}
{"level":"info","message":"Response receives from Identity services: 200","service":"api-gateway","timestamp":"2025-08-02T18:13:46.401Z"}
{"level":"info","message":"Received POST request to /v1/auth/refresh","service":"api-gateway","timestamp":"2025-08-02T18:13:57.869Z"}
{"level":"info","message":"Request Body: {\"refreshTokenOne\":\"ac01cc5c3ee4ea4ac94d5d6695d61d8039df68292c491dd13026d6a9c5c9c8ee7f2917028d829825\"}","service":"api-gateway","timestamp":"2025-08-02T18:13:57.870Z"}
{"level":"info","message":"Response receives from Identity services: 400","service":"api-gateway","timestamp":"2025-08-02T18:13:58.072Z"}
{"level":"info","message":"Received POST request to /v1/auth/refresh","service":"api-gateway","timestamp":"2025-08-02T18:14:06.521Z"}
{"level":"info","message":"Request Body: {\"refreshTokenOne\":\"18fbff138b21dd6120710f9ec7808fdb79ab4521516fb193a9c87110c76ed5d61dc34488e33bf68d\"}","service":"api-gateway","timestamp":"2025-08-02T18:14:06.522Z"}
{"level":"info","message":"Response receives from Identity services: 200","service":"api-gateway","timestamp":"2025-08-02T18:14:07.244Z"}
{"level":"info","message":"Received POST request to /v1/auth/refresh","service":"api-gateway","timestamp":"2025-08-02T18:14:14.794Z"}
{"level":"info","message":"Request Body: {\"refreshTokenOne\":\"18fbff138b21dd6120710f9ec7808fdb79ab4521516fb193a9c87110c76ed5d61dc34488e33bf68d\"}","service":"api-gateway","timestamp":"2025-08-02T18:14:14.797Z"}
{"level":"info","message":"Response receives from Identity services: 400","service":"api-gateway","timestamp":"2025-08-02T18:14:14.972Z"}
{"level":"info","message":"Received POST request to /v1/auth/logout","service":"api-gateway","timestamp":"2025-08-02T18:14:25.937Z"}
{"level":"info","message":"Request Body: {\"refreshToken\":\"c768d5d5da9a903d75f219450000e064b2889af4e9cc2dc16c3aac5ece025c45f96e49061a6cf676\"}","service":"api-gateway","timestamp":"2025-08-02T18:14:25.938Z"}
{"level":"info","message":"Response receives from Identity services: 200","service":"api-gateway","timestamp":"2025-08-02T18:14:26.286Z"}
{"level":"info","message":"Received POST request to /v1/auth/logout","service":"api-gateway","timestamp":"2025-08-02T18:14:29.157Z"}
{"level":"info","message":"Request Body: {\"refreshToken\":\"c768d5d5da9a903d75f219450000e064b2889af4e9cc2dc16c3aac5ece025c45f96e49061a6cf676\"}","service":"api-gateway","timestamp":"2025-08-02T18:14:29.159Z"}
{"level":"info","message":"Response receives from Identity services: 400","service":"api-gateway","timestamp":"2025-08-02T18:14:29.354Z"}
